Archive member included because of file (symbol)

contiki-sky.a(contiki-sky-pla)
                              obj_sky/contiki-sky-main.o (init_platform)
contiki-sky.a(button-sensor.o)
                              contiki-sky.a(contiki-sky-pla) (button_sensor)
contiki-sky.a(ds2411.o)       obj_sky/contiki-sky-main.o (ds2411_init)
contiki-sky.a(xmem.o)         obj_sky/contiki-sky-main.o (xmem_init)
contiki-sky.a(node-id.o)      obj_sky/contiki-sky-main.o (node_id_restore)
contiki-sky.a(sensors.o)      contiki-sky.a(button-sensor.o) (sensors_changed)
contiki-sky.a(cc2420.o)       obj_sky/contiki-sky-main.o (cc2420_set_pan_addr)
contiki-sky.a(cc2420-arch.o)  contiki-sky.a(cc2420.o) (cc2420_arch_init)
contiki-sky.a(uart1.o)        obj_sky/contiki-sky-main.o (uart1_active)
contiki-sky.a(uart1-putchar.o)
                              sink.co (putchar)
contiki-sky.a(msp430.o)       contiki-sky.a(uart1.o) (msp430_add_lpm_req)
contiki-sky.a(clock.o)        obj_sky/contiki-sky-main.o (clock_init)
contiki-sky.a(leds.o)         obj_sky/contiki-sky-main.o (leds_init)
contiki-sky.a(leds-arch.o)    contiki-sky.a(leds.o) (leds_arch_init)
contiki-sky.a(watchdog.o)     obj_sky/contiki-sky-main.o (watchdog_start)
contiki-sky.a(rtimer-arch.o)  obj_sky/contiki-sky-main.o (rtimer_arch_now)
contiki-sky.a(roll-tm.o)      sink.co (roll_tm_driver)
contiki-sky.a(autostart.o)    obj_sky/contiki-sky-main.o (autostart_start)
contiki-sky.a(ctimer.o)       obj_sky/contiki-sky-main.o (ctimer_init)
contiki-sky.a(energest.o)     obj_sky/contiki-sky-main.o (energest_init)
contiki-sky.a(etimer.o)       contiki-sky.a(clock.o) (etimer_request_poll)
contiki-sky.a(process.o)      contiki-sky.a(ctimer.o) (process_current)
contiki-sky.a(rtimer.o)       obj_sky/contiki-sky-main.o (rtimer_init)
contiki-sky.a(timer.o)        obj_sky/contiki-sky-main.o (timer_set)
contiki-sky.a(list.o)         contiki-sky.a(ctimer.o) (list_init)
contiki-sky.a(random.o)       obj_sky/contiki-sky-main.o (random_init)
contiki-sky.a(sicslowpan.o)   obj_sky/contiki-sky-main.o (sicslowpan_driver)
contiki-sky.a(uip6.o)         sink.co (uip_aligned_buf)
contiki-sky.a(uip-ds6.o)      contiki-sky.a(uip6.o) (uip_ds6_is_addr_onlink)
contiki-sky.a(uip-ds6-nbr.o)  contiki-sky.a(uip-ds6.o) (uip_ds6_neighbors_init)
contiki-sky.a(uip-ds6-route.o)
                              contiki-sky.a(uip-ds6.o) (uip_ds6_route_init)
contiki-sky.a(uip-icmp6.o)    contiki-sky.a(uip6.o) (uip_icmp6_input)
contiki-sky.a(uip-nd6.o)      contiki-sky.a(uip6.o) (uip_nd6_init)
contiki-sky.a(tcpip.o)        contiki-sky.a(roll-tm.o) (tcpip_output)
contiki-sky.a(uip-debug.o)    sink.co (uip_debug_ipaddr_print)
contiki-sky.a(rpl.o)          contiki-sky.a(uip-ds6-nbr.o) (rpl_link_neighbor_callback)
contiki-sky.a(rpl-dag.o)      contiki-sky.a(rpl.o) (default_instance)
contiki-sky.a(rpl-ext-header.)
                              contiki-sky.a(uip6.o) (rpl_verify_header)
contiki-sky.a(rpl-icmp6.o)    contiki-sky.a(rpl.o) (dao_output_target)
contiki-sky.a(rpl-mrhof.o)    contiki-sky.a(rpl.o) (rpl_mrhof)
contiki-sky.a(rpl-timers.o)   contiki-sky.a(rpl.o) (rpl_reset_periodic_timer)
contiki-sky.a(csma.o)         obj_sky/contiki-sky-main.o (csma_driver)
contiki-sky.a(framer-802154.o)
                              contiki-sky.a(sicslowpan.o) (framer_802154)
contiki-sky.a(framer.o)       contiki-sky.a(framer-802154.o) (framer_canonical_create_and_secure)
contiki-sky.a(mac.o)          contiki-sky.a(csma.o) (mac_call_sent_callback)
contiki-sky.a(linkaddr.o)     obj_sky/contiki-sky-main.o (linkaddr_copy)
contiki-sky.a(nbr-table.o)    contiki-sky.a(uip-ds6-nbr.o) (nbr_table_register)
contiki-sky.a(packetbuf.o)    contiki-sky.a(framer.o) (packetbuf_compact)
contiki-sky.a(queuebuf.o)     obj_sky/contiki-sky-main.o (queuebuf_init)
contiki-sky.a(contikimac.o)   obj_sky/contiki-sky-main.o (contikimac_driver)
contiki-sky.a(nullsec.o)      obj_sky/contiki-sky-main.o (nullsec_driver)
contiki-sky.a(spi.o)          contiki-sky.a(xmem.o) (spi_init)
contiki-sky.a(compower.o)     contiki-sky.a(contikimac.o) (compower_accumulate)
contiki-sky.a(stimer.o)       contiki-sky.a(uip-ds6.o) (stimer_set)
contiki-sky.a(memb.o)         contiki-sky.a(uip-ds6-route.o) (memb_init)
contiki-sky.a(frame802154.o)  contiki-sky.a(framer-802154.o) (frame802154_hdrlen)
contiki-sky.a(mac-sequence.o)
                              contiki-sky.a(contikimac.o) (mac_sequence_is_duplicate)
/usr/lib/gcc/msp430/4.6.3/mmpy-16/libgcc.a(_mulsi3.o)
                              contiki-sky.a(roll-tm.o) (__mulsi3)
/usr/lib/gcc/msp430/4.6.3/mmpy-16/libgcc.a(_udivmod16.o)
                              sink.co (__udivhi3)
/usr/lib/gcc/msp430/4.6.3/mmpy-16/libgcc.a(_divmod16.o)
                              contiki-sky.a(sicslowpan.o) (__divhi3)
/usr/lib/gcc/msp430/4.6.3/mmpy-16/libgcc.a(_udivmod32.o)
                              obj_sky/contiki-sky-main.o (__udivsi3)
/usr/lib/gcc/msp430/4.6.3/../../../../msp430/lib/mmpy-16/libc.a(strncmp.o)
[...]
Memory Configuration

Name             Origin             Length             Attributes
sfr              0x00000000         0x00000010
peripheral_8bit  0x00000010         0x000000f0
peripheral_16bit 0x00000100         0x00000100
ram_mirror       0x00000200         0x00000800         xw
infomem          0x00001000         0x00000100
infob            0x00001000         0x00000080
infoa            0x00001080         0x00000080
ram              0x00001100         0x00002800         xw
rom              0x00004000         0x0000bfe0         xr
vectors          0x0000ffe0         0x00000020
bsl              0x00000000         0x00000000
infoc            0x00000000         0x00000000
infod            0x00000000         0x00000000
ram2             0x00000000         0x00000000         xw
usbram           0x00000000         0x00000000         xw
far_rom          0x00000000         0x00000000
*default*        0x00000000         0xffffffff

Linker script and memory map

LOAD /usr/lib/gcc/msp430/4.6.3/mmpy-16/crt0ivtbl16.o
LOAD sink.co
LOAD obj_sky/contiki-sky-main.o
LOAD contiki-sky.a
LOAD /usr/lib/gcc/msp430/4.6.3/mmpy-16/libgcc.a
LOAD /usr/lib/gcc/msp430/4.6.3/../../../../msp430/lib/mmpy-16/libc.a
LOAD /usr/lib/gcc/msp430/4.6.3/mmpy-16/libgcc.a
LOAD /usr/lib/gcc/msp430/4.6.3/mmpy-16/libcrt0.a
                0x00000080                PROVIDE (__info_segment_size, 0x80)
                0x00001000                PROVIDE (__infob, 0x1000)
                0x00001080                PROVIDE (__infoa, 0x1080)
                0x00000000                __IE1 = 0x0
                0x00000002                __IFG1 = 0x2
                0x00000004                __ME1 = 0x4
                0x00000001                __IE2 = 0x1
                0x00000003                __IFG2 = 0x3
                0x00000005                __ME2 = 0x5
                0x00000120                __WDTCTL = 0x120
                0x00000130                __MPY = 0x130
                0x00000132                __MPYS = 0x132
                0x00000134                __MAC = 0x134
                0x00000136                __MACS = 0x136
                0x00000138                __OP2 = 0x138
                0x0000013a                __RESLO = 0x13a
                0x0000013c                __RESHI = 0x13c
                0x0000013e                __SUMEXT = 0x13e
                0x00000020                __P1IN = 0x20
                0x00000021                __P1OUT = 0x21
                0x00000022                __P1DIR = 0x22
                0x00000023                __P1IFG = 0x23
                0x00000024                __P1IES = 0x24
                0x00000025                __P1IE = 0x25
                0x00000026                __P1SEL = 0x26
                0x00000028                __P2IN = 0x28
                0x00000029                __P2OUT = 0x29
                0x0000002a                __P2DIR = 0x2a
                0x0000002b                __P2IFG = 0x2b
                0x0000002c                __P2IES = 0x2c
                0x0000002d                __P2IE = 0x2d
                0x0000002e                __P2SEL = 0x2e
                0x00000018                __P3IN = 0x18
                0x00000019                __P3OUT = 0x19
                0x0000001a                __P3DIR = 0x1a
                0x0000001b                __P3SEL = 0x1b
                0x0000001c                __P4IN = 0x1c
                0x0000001d                __P4OUT = 0x1d
                0x0000001e                __P4DIR = 0x1e
                0x0000001f                __P4SEL = 0x1f
                0x00000030                __P5IN = 0x30
                0x00000031                __P5OUT = 0x31
                0x00000032                __P5DIR = 0x32
                0x00000033                __P5SEL = 0x33
                0x00000034                __P6IN = 0x34
                0x00000035                __P6OUT = 0x35
                0x00000036                __P6DIR = 0x36
                0x00000037                __P6SEL = 0x37
                0x00000070                __U0CTL = 0x70
                0x00000071                __U0TCTL = 0x71
                0x00000072                __U0RCTL = 0x72
                0x00000073                __U0MCTL = 0x73
                0x00000074                __U0BR0 = 0x74
                0x00000075                __U0BR1 = 0x75
                0x00000076                __U0RXBUF = 0x76
                0x00000077                __U0TXBUF = 0x77
                0x00000078                __U1CTL = 0x78
                0x00000079                __U1TCTL = 0x79
                0x0000007a                __U1RCTL = 0x7a
                0x0000007b                __U1MCTL = 0x7b
                0x0000007c                __U1BR0 = 0x7c
                0x0000007d                __U1BR1 = 0x7d
                0x0000007e                __U1RXBUF = 0x7e
                0x0000007f                __U1TXBUF = 0x7f
                0x00000050                __I2CIE = 0x50
                0x00000051                __I2CIFG = 0x51
                0x00000052                __I2CNDAT = 0x52
                0x00000071                __I2CTCTL = 0x71
                0x00000072                __I2CDCTL = 0x72
                0x00000073                __I2CPSC = 0x73
                0x00000074                __I2CSCLH = 0x74
                0x00000075                __I2CSCLL = 0x75
                0x00000076                __I2CDRB = 0x76
                0x00000076                __I2CDRW = 0x76
                0x00000118                __I2COA = 0x118
                0x0000011a                __I2CSA = 0x11a
                0x0000011c                __I2CIV = 0x11c
                0x0000012e                __TAIV = 0x12e
                0x00000160                __TACTL = 0x160
                0x00000162                __TACCTL0 = 0x162
                0x00000164                __TACCTL1 = 0x164
                0x00000166                __TACCTL2 = 0x166
                0x00000170                __TAR = 0x170
                0x00000172                __TACCR0 = 0x172
                0x00000174                __TACCR1 = 0x174
                0x00000176                __TACCR2 = 0x176
                0x0000011e                __TBIV = 0x11e
                0x00000180                __TBCTL = 0x180
                0x00000182                __TBCCTL0 = 0x182
                0x00000184                __TBCCTL1 = 0x184
                0x00000186                __TBCCTL2 = 0x186
                0x00000188                __TBCCTL3 = 0x188
                0x0000018a                __TBCCTL4 = 0x18a
                0x0000018c                __TBCCTL5 = 0x18c
                0x0000018e                __TBCCTL6 = 0x18e
                0x00000190                __TBR = 0x190
                0x00000192                __TBCCR0 = 0x192
                0x00000194                __TBCCR1 = 0x194
                0x00000196                __TBCCR2 = 0x196
                0x00000198                __TBCCR3 = 0x198
                0x0000019a                __TBCCR4 = 0x19a
                0x0000019c                __TBCCR5 = 0x19c
                0x0000019e                __TBCCR6 = 0x19e
                0x00000056                __DCOCTL = 0x56
                0x00000057                __BCSCTL1 = 0x57
                0x00000058                __BCSCTL2 = 0x58
                0x00000055                __SVSCTL = 0x55
                0x00000128                __FCTL1 = 0x128
                0x0000012a                __FCTL2 = 0x12a
                0x0000012c                __FCTL3 = 0x12c
                0x00000059                __CACTL1 = 0x59
                0x0000005a                __CACTL2 = 0x5a
                0x0000005b                __CAPD = 0x5b
                0x000001a0                __ADC12CTL0 = 0x1a0
                0x000001a2                __ADC12CTL1 = 0x1a2
                0x000001a4                __ADC12IFG = 0x1a4
                0x000001a6                __ADC12IE = 0x1a6
                0x000001a8                __ADC12IV = 0x1a8
                0x00000140                __ADC12MEM0 = 0x140
                0x00000142                __ADC12MEM1 = 0x142
                0x00000144                __ADC12MEM2 = 0x144
                0x00000146                __ADC12MEM3 = 0x146
                0x00000148                __ADC12MEM4 = 0x148
                0x0000014a                __ADC12MEM5 = 0x14a
                0x0000014c                __ADC12MEM6 = 0x14c
                0x0000014e                __ADC12MEM7 = 0x14e
                0x00000150                __ADC12MEM8 = 0x150
                0x00000152                __ADC12MEM9 = 0x152
                0x00000154                __ADC12MEM10 = 0x154
                0x00000156                __ADC12MEM11 = 0x156
                0x00000158                __ADC12MEM12 = 0x158
                0x0000015a                __ADC12MEM13 = 0x15a
                0x0000015c                __ADC12MEM14 = 0x15c
                0x0000015e                __ADC12MEM15 = 0x15e
                0x00000080                __ADC12MCTL0 = 0x80
                0x00000081                __ADC12MCTL1 = 0x81
                0x00000082                __ADC12MCTL2 = 0x82
                0x00000083                __ADC12MCTL3 = 0x83
                0x00000084                __ADC12MCTL4 = 0x84
                0x00000085                __ADC12MCTL5 = 0x85
                0x00000086                __ADC12MCTL6 = 0x86
                0x00000087                __ADC12MCTL7 = 0x87
                0x00000088                __ADC12MCTL8 = 0x88
                0x00000089                __ADC12MCTL9 = 0x89
                0x0000008a                __ADC12MCTL10 = 0x8a
                0x0000008b                __ADC12MCTL11 = 0x8b
                0x0000008c                __ADC12MCTL12 = 0x8c
                0x0000008d                __ADC12MCTL13 = 0x8d
                0x0000008e                __ADC12MCTL14 = 0x8e
                0x0000008f                __ADC12MCTL15 = 0x8f
                0x000001c0                __DAC12_0CTL = 0x1c0
                0x000001c2                __DAC12_1CTL = 0x1c2
                0x000001c8                __DAC12_0DAT = 0x1c8
                0x000001ca                __DAC12_1DAT = 0x1ca
                0x00000122                __DMACTL0 = 0x122
                0x00000124                __DMACTL1 = 0x124
                0x000001e0                __DMA0CTL = 0x1e0
                0x000001e8                __DMA1CTL = 0x1e8
                0x000001f0                __DMA2CTL = 0x1f0
                0x000001e2                __DMA0SA = 0x1e2
                0x000001e4                __DMA0DA = 0x1e4
                0x000001e6                __DMA0SZ = 0x1e6
                0x000001ea                __DMA1SA = 0x1ea
                0x000001ec                __DMA1DA = 0x1ec
                0x000001ee                __DMA1SZ = 0x1ee
                0x000001f2                __DMA2SA = 0x1f2
                0x000001f4                __DMA2DA = 0x1f4
                0x000001f6                __DMA2SZ = 0x1f6

.hash
 *(.hash)

.dynsym
 *(.dynsym)

.dynstr
 *(.dynstr)

.gnu.version
 *(.gnu.version)

.gnu.version_d
 *(.gnu.version_d)

.gnu.version_r
 *(.gnu.version_r)

.rel.init
 *(.rel.init)

.rela.init
 *(.rela.init)

.rel.fini
 *(.rel.fini)

.rela.fini
 *(.rela.fini)

.rel.text
 *(.rel.text .rel.text.* .rel.gnu.linkonce.t.*)

.rela.text
 *(.rela.text .rela.text.* .rela.gnu.linkonce.t.*)

.rel.rodata
 *(.rel.rodata .rel.rodata.* .rel.gnu.linkonce.r.*)

.rela.rodata
 *(.rela.rodata .rela.rodata.* .rela.gnu.linkonce.r.*)

.rel.data
 *(.rel.data .rel.data.* .rel.gnu.linkonce.d.*)

.rela.data
 *(.rela.data .rela.data.* .rela.gnu.linkonce.d.*)

.rel.bss
 *(.rel.bss .rel.bss.* .rel.gnu.linkonce.b.*)

.rela.bss
 *(.rela.bss .rela.bss.* .rela.gnu.linkonce.b.*)

.rel.ctors
 *(.rel.ctors)

.rela.ctors
 *(.rela.ctors)

.rel.dtors
 *(.rel.dtors)

.rela.dtors
 *(.rela.dtors)

.rel.got
 *(.rel.got)

.rela.got
 *(.rela.got)

.rel.plt
 *(.rel.plt)

.rela.plt
 *(.rela.plt)

.text           0x00004000     0xa9c6
                0x00004000                . = ALIGN (0x2)
 *(.init .init.*)
 *(.init0)
 .init0         0x00004000        0x0 /usr/lib/gcc/msp430/4.6.3/mmpy-16/libcrt0.a(_reset_vector__.o)
                0x00004000                _reset_vector__
 *(.init1)
 .init1         0x00004000        0xc /usr/lib/gcc/msp430/4.6.3/mmpy-16/libcrt0.a(__watchdog_support.o)
                0x00004000                __watchdog_support
 *(.init2)
 .init2         0x0000400c        0x4 /usr/lib/gcc/msp430/4.6.3/mmpy-16/libcrt0.a(__init_stack.o)
                0x0000400c                __init_stack
 *(.init3)
 .init3         0x00004010        0x0 /usr/lib/gcc/msp430/4.6.3/mmpy-16/libcrt0.a(__low_level_init.o)
                0x00004010                __low_level_init
 *(.init4)
 .init4         0x00004010       0x18 /usr/lib/gcc/msp430/4.6.3/mmpy-16/libcrt0.a(_copy_data.o)
                0x00004010                __do_copy_data
 .init4         0x00004028       0x16 /usr/lib/gcc/msp430/4.6.3/mmpy-16/libcrt0.a(_clear_bss.o)
                0x00004028                __do_clear_bss
 *(.init5)
 *(.init6)
 *(.init7)
 *(.init8)
 *(.init9)
 .init9         0x0000403e      0x2d8 obj_sky/contiki-sky-main.o
                0x0000403e                main
 *(.fini9)
 .fini9         0x00004316        0x0 /usr/lib/gcc/msp430/4.6.3/mmpy-16/libcrt0.a(__stop_progExec__.o)
                0x00004316                __stop_progExec__
 *(.fini8)
 *(.fini7)
 *(.fini6)
 *(.fini5)
 *(.fini4)
 *(.fini3)
 *(.fini2)
 *(.fini1)
 *(.fini0)
 .fini0         0x00004316        0x6 /usr/lib/gcc/msp430/4.6.3/mmpy-16/libcrt0.a(_endless_loop__.o)
                0x00004316                _endless_loop__
 *(.fini .fini.*)
                0x0000431c                . = ALIGN (0x2)
                0x0000431c                __ctors_start = .
 *(.ctors)
                0x0000431c                __ctors_end = .
                0x0000431c                __dtors_start = .
 *(.dtors)
                0x0000431c                __dtors_end = .
                0x0000431c                . = ALIGN (0x2)
 *(.text .text.* .gnu.linkonce.t.*)
 .text          0x0000431c        0x4 /usr/lib/gcc/msp430/4.6.3/mmpy-16/crt0ivtbl16.o
                0x0000431c                __isr_14
                0x0000431c                __isr_11
                0x0000431c                __isr_2
                0x0000431c                __isr_7
                0x0000431c                __isr_0
                0x0000431c                __isr_8
                0x0000431c                __isr_3
                0x0000431c                __isr_12
                0x0000431c                __isr_13
                0x0000431c                __isr_9
 .text.process_thread_mcast_sink_process
                0x00004320      0x224 sink.co
 .text.start_network_layer
                0x00004544       0xa2 obj_sky/contiki-sky-main.o
 .text.init_platform
                0x000045e6        0xc contiki-sky.a(contiki-sky-pla)
                0x000045e6                init_platform
 .text.status   0x000045f2       0x16 contiki-sky.a(button-sensor.o)
 .text.configure
                0x00004608       0x52 contiki-sky.a(button-sensor.o)
 .text.value    0x0000465a       0x22 contiki-sky.a(button-sensor.o)
 .text.irq_p2   0x0000467c       0x8a contiki-sky.a(button-sensor.o)
                0x0000467c                irq_p2
                0x0000467c                __isr_1
 .text.owreadb  0x00004706       0x52 contiki-sky.a(ds2411.o)
 .text.ds2411_init
                0x00004758      0x122 contiki-sky.a(ds2411.o)
                0x00004758                ds2411_init
 .text.wait_ready
                0x0000487a       0x50 contiki-sky.a(xmem.o)
 .text.xmem_init
                0x000048ca       0x3e contiki-sky.a(xmem.o)
                0x000048ca                xmem_init
 .text.xmem_pread
                0x00004908       0xea contiki-sky.a(xmem.o)
                0x00004908                xmem_pread
 .text.node_id_restore
                0x000049f2       0x38 contiki-sky.a(node-id.o)
                0x000049f2                node_id_restore
 .text.process_thread_sensors_process
                0x00004a2a       0xbe contiki-sky.a(sensors.o)
 .text.sensors_changed
                0x00004ae8       0x2a contiki-sky.a(sensors.o)
                0x00004ae8                sensors_changed
 .text.get_object
                0x00004b12        0x4 contiki-sky.a(cc2420.o)
 .text.set_object
                0x00004b16        0x4 contiki-sky.a(cc2420.o)
 .text.strobe   0x00004b1a       0x20 contiki-sky.a(cc2420.o)
 .text.getreg   0x00004b3a       0x54 contiki-sky.a(cc2420.o)
 .text.setreg   0x00004b8e       0x52 contiki-sky.a(cc2420.o)
 .text.write_ram
                0x00004be0       0x80 contiki-sky.a(cc2420.o)
 .text.write_fifo_buf
                0x00004c60       0x40 contiki-sky.a(cc2420.o)
 .text.get_status
                0x00004ca0       0x24 contiki-sky.a(cc2420.o)
 .text.set_txpower
                0x00004cc4       0x26 contiki-sky.a(cc2420.o)
 .text.cc2420_receiving_packet
                0x00004cea        0xe contiki-sky.a(cc2420.o)
 .text.pending_packet
                0x00004cf8        0x8 contiki-sky.a(cc2420.o)
 .text.on       0x00004d00       0x1e contiki-sky.a(cc2420.o)
 .text.wait_for_transmission
                0x00004d1e       0x22 contiki-sky.a(cc2420.o)
 .text.wait_for_status
                0x00004d40       0x2a contiki-sky.a(cc2420.o)
 .text.getrxdata
                0x00004d6a       0x56 contiki-sky.a(cc2420.o)
 .text.flushrx  0x00004dc0       0x1a contiki-sky.a(cc2420.o)
 .text.off      0x00004dda       0x5a contiki-sky.a(cc2420.o)
 .text.RELEASE_LOCK
                0x00004e34       0x28 contiki-sky.a(cc2420.o)
 .text.set_key  0x00004e5c       0x18 contiki-sky.a(cc2420.o)
 .text.cc2420_prepare
                0x00004e74       0x3c contiki-sky.a(cc2420.o)
 .text.cc2420_on
                0x00004eb0       0x22 contiki-sky.a(cc2420.o)
                0x00004eb0                cc2420_on
 .text.cc2420_off
                0x00004ed2       0x30 contiki-sky.a(cc2420.o)
                0x00004ed2                cc2420_off
 .text.cc2420_cca
                0x00004f02       0x5e contiki-sky.a(cc2420.o)
 .text.cc2420_read
                0x00004f60       0xb0 contiki-sky.a(cc2420.o)
 .text.process_thread_cc2420_process
                0x00005010       0x50 contiki-sky.a(cc2420.o)
 .text.encrypt  0x00005060       0x8e contiki-sky.a(cc2420.o)
 .text.cc2420_set_channel
                0x000050ee       0x3c contiki-sky.a(cc2420.o)
                0x000050ee                cc2420_set_channel
 .text.cc2420_set_pan_addr
                0x0000512a       0x4c contiki-sky.a(cc2420.o)
                0x0000512a                cc2420_set_pan_addr
 .text.cc2420_interrupt
                0x00005176       0x18 contiki-sky.a(cc2420.o)
                0x00005176                cc2420_interrupt
 .text.cc2420_set_txpower
                0x0000518e        0xe contiki-sky.a(cc2420.o)
                0x0000518e                cc2420_set_txpower
 .text.cc2420_get_txpower
                0x0000519c       0x1e contiki-sky.a(cc2420.o)
                0x0000519c                cc2420_get_txpower
 .text.cc2420_transmit
                0x000051ba      0x10e contiki-sky.a(cc2420.o)
 .text.cc2420_send
                0x000052c8       0x12 contiki-sky.a(cc2420.o)
 .text.cc2420_rssi
                0x000052da       0x4c contiki-sky.a(cc2420.o)
                0x000052da                cc2420_rssi
 .text.get_value
                0x00005326       0xac contiki-sky.a(cc2420.o)
 .text.cc2420_set_cca_threshold
                0x000053d2       0x16 contiki-sky.a(cc2420.o)
                0x000053d2                cc2420_set_cca_threshold
 .text.set_value
                0x000053e8       0x8a contiki-sky.a(cc2420.o)
 .text.cc2420_init
                0x00005472       0xde contiki-sky.a(cc2420.o)
                0x00005472                cc2420_init
 .text.cc2420_port1_interrupt
                0x00005550       0x62 contiki-sky.a(cc2420-arch.o)
                0x00005550                __isr_4
                0x00005550                cc2420_port1_interrupt
 .text.cc2420_arch_init
                0x000055b2       0x1a contiki-sky.a(cc2420-arch.o)
                0x000055b2                cc2420_arch_init
 .text.uart1_active
                0x000055cc       0x1a contiki-sky.a(uart1.o)
                0x000055cc                uart1_active
 .text.uart1_writeb
                0x000055e6       0x1a contiki-sky.a(uart1.o)
                0x000055e6                uart1_writeb
 .text.uart1_init
                0x00005600       0xf6 contiki-sky.a(uart1.o)
                0x00005600                uart1_init
 .text.putchar  0x000056f6       0x10 contiki-sky.a(uart1-putchar.o)
                0x000056f6                putchar
 .text.msp430_init_dco
                0x00005706       0x84 contiki-sky.a(msp430.o)
                0x00005706                msp430_init_dco
 .text.msp430_add_lpm_req
                0x0000578a        0xc contiki-sky.a(msp430.o)
                0x0000578a                msp430_add_lpm_req
 .text.msp430_cpu_init
                0x00005796       0x2a contiki-sky.a(msp430.o)
                0x00005796                msp430_cpu_init
 .text.splhigh_
                0x000057c0        0x8 contiki-sky.a(msp430.o)
                0x000057c0                splhigh_
 .text.msp430_sync_dco
                0x000057c8       0x68 contiki-sky.a(msp430.o)
                0x000057c8                msp430_sync_dco
 .text.timera1  0x00005830      0x11e contiki-sky.a(clock.o)
                0x00005830                __isr_5
                0x00005830                timera1
 .text.clock_time
                0x0000594e       0x1a contiki-sky.a(clock.o)
                0x0000594e                clock_time
 .text.clock_init
                0x00005968       0x28 contiki-sky.a(clock.o)
                0x00005968                clock_init
 .text.clock_delay
                0x00005990        0xc contiki-sky.a(clock.o)
                0x00005990                clock_delay
 .text.clock_seconds
                0x0000599c       0x1a contiki-sky.a(clock.o)
                0x0000599c                clock_seconds
 .text.show_leds
                0x000059b6       0xf6 contiki-sky.a(leds.o)
 .text.leds_init
                0x00005aac        0xa contiki-sky.a(leds.o)
                0x00005aac                leds_init
 .text.leds_on  0x00005ab6        0xa contiki-sky.a(leds.o)
                0x00005ab6                leds_on
 .text.leds_off
                0x00005ac0        0xe contiki-sky.a(leds.o)
                0x00005ac0                leds_off
 .text.leds_arch_init
                0x00005ace        0xe contiki-sky.a(leds-arch.o)
                0x00005ace                leds_arch_init
 .text.leds_arch_set
                0x00005adc       0x3a contiki-sky.a(leds-arch.o)
                0x00005adc                leds_arch_set
 .text.watchdog_interrupt
                0x00005b16        0x6 contiki-sky.a(watchdog.o)
                0x00005b16                __isr_10
                0x00005b16                watchdog_interrupt
 .text.watchdog_start
                0x00005b1c       0x14 contiki-sky.a(watchdog.o)
                0x00005b1c                watchdog_start
 .text.watchdog_periodic
                0x00005b30       0x12 contiki-sky.a(watchdog.o)
                0x00005b30                watchdog_periodic
 .text.watchdog_stop
                0x00005b42       0x16 contiki-sky.a(watchdog.o)
                0x00005b42                watchdog_stop
 .text.watchdog_init
                0x00005b58       0x14 contiki-sky.a(watchdog.o)
                0x00005b58                watchdog_init
 .text.rtimer_arch_init
                0x00005b6c        0xe contiki-sky.a(rtimer-arch.o)
                0x00005b6c                rtimer_arch_init
 .text.rtimer_arch_now
                0x00005b7a        0xe contiki-sky.a(rtimer-arch.o)
                0x00005b7a                rtimer_arch_now
 .text.timera0  0x00005b88       0x70 contiki-sky.a(rtimer-arch.o)
                0x00005b88                __isr_6
                0x00005b88                timera0
 .text.rtimer_arch_schedule
                0x00005bf8        0x6 contiki-sky.a(rtimer-arch.o)
                0x00005bf8                rtimer_arch_schedule
 .text.window_update_bounds
                0x00005bfe       0xa0 contiki-sky.a(roll-tm.o)
 .text.window_lookup
                0x00005c9e       0x52 contiki-sky.a(roll-tm.o)
 .text.reset_trickle_timer
                0x00005cf0      0x1aa contiki-sky.a(roll-tm.o)
 .text.double_interval
                0x00005e9a       0xf0 contiki-sky.a(roll-tm.o)
 .text.handle_timer
                0x00005f8a      0x3c0 contiki-sky.a(roll-tm.o)
 .text.init     0x0000634a       0xb4 contiki-sky.a(roll-tm.o)
 .text.icmp_input
                0x000063fe      0x308 contiki-sky.a(roll-tm.o)
 .text.accept   0x00006706      0x2f6 contiki-sky.a(roll-tm.o)
 .text.out      0x000069fc       0xa8 contiki-sky.a(roll-tm.o)
 .text.in       0x00006aa4       0x1e contiki-sky.a(roll-tm.o)
 .text.autostart_start
                0x00006ac2       0x16 contiki-sky.a(autostart.o)
                0x00006ac2                autostart_start
 .text.process_thread_ctimer_process
                0x00006ad8       0xa4 contiki-sky.a(ctimer.o)
 .text.ctimer_init
                0x00006b7c       0x18 contiki-sky.a(ctimer.o)
                0x00006b7c                ctimer_init
 .text.ctimer_set
                0x00006b94       0x50 contiki-sky.a(ctimer.o)
                0x00006b94                ctimer_set
 .text.ctimer_reset
                0x00006be4       0x30 contiki-sky.a(ctimer.o)
                0x00006be4                ctimer_reset
 .text.ctimer_stop
                0x00006c14       0x28 contiki-sky.a(ctimer.o)
                0x00006c14                ctimer_stop
 .text.energest_init
                0x00006c3c       0x28 contiki-sky.a(energest.o)
                0x00006c3c                energest_init
 .text.energest_type_time
                0x00006c64       0x46 contiki-sky.a(energest.o)
                0x00006c64                energest_type_time
 .text.energest_type_set
                0x00006caa        0xe contiki-sky.a(energest.o)
                0x00006caa                energest_type_set
 .text.energest_flush
                0x00006cb8       0x48 contiki-sky.a(energest.o)
                0x00006cb8                energest_flush
 .text.update_time
                0x00006d00       0x78 contiki-sky.a(etimer.o)
 .text.etimer_request_poll
                0x00006d78        0xa contiki-sky.a(etimer.o)
                0x00006d78                etimer_request_poll
 .text.process_thread_etimer_process
                0x00006d82       0xc8 contiki-sky.a(etimer.o)
 .text.add_timer
                0x00006e4a       0x40 contiki-sky.a(etimer.o)
 .text.etimer_set
                0x00006e8a       0x12 contiki-sky.a(etimer.o)
                0x00006e8a                etimer_set
 .text.etimer_reset
                0x00006e9c       0x12 contiki-sky.a(etimer.o)
                0x00006e9c                etimer_reset
 .text.etimer_expired
                0x00006eae        0xe contiki-sky.a(etimer.o)
                0x00006eae                etimer_expired
 .text.etimer_expiration_time
                0x00006ebc       0x14 contiki-sky.a(etimer.o)
                0x00006ebc                etimer_expiration_time
 .text.etimer_pending
                0x00006ed0        0xc contiki-sky.a(etimer.o)
                0x00006ed0                etimer_pending
 .text.etimer_next_expiration_time
                0x00006edc       0x16 contiki-sky.a(etimer.o)
                0x00006edc                etimer_next_expiration_time
 .text.etimer_stop
                0x00006ef2       0x3c contiki-sky.a(etimer.o)
                0x00006ef2                etimer_stop
 .text.call_process
                0x00006f2e       0x4a contiki-sky.a(process.o)
 .text.exit_process
                0x00006f78       0x96 contiki-sky.a(process.o)
 .text.do_poll  0x0000700e       0x30 contiki-sky.a(process.o)
 .text.process_alloc_event
                0x0000703e        0xe contiki-sky.a(process.o)
                0x0000703e                process_alloc_event
 .text.process_exit
                0x0000704c        0xa contiki-sky.a(process.o)
                0x0000704c                process_exit
 .text.process_init
                0x00007056       0x1c contiki-sky.a(process.o)
                0x00007056                process_init
 .text.process_run
                0x00007072       0xa2 contiki-sky.a(process.o)
                0x00007072                process_run
 .text.process_nevents
                0x00007114        0xe contiki-sky.a(process.o)
                0x00007114                process_nevents
 .text.process_post
                0x00007122       0x54 contiki-sky.a(process.o)
                0x00007122                process_post
 .text.process_post_synch
                0x00007176       0x12 contiki-sky.a(process.o)
                0x00007176                process_post_synch
 .text.process_start
                0x00007188       0x32 contiki-sky.a(process.o)
                0x00007188                process_start
 .text.process_poll
                0x000071ba       0x18 contiki-sky.a(process.o)
                0x000071ba                process_poll
 .text.rtimer_init
                0x000071d2        0x6 contiki-sky.a(rtimer.o)
                0x000071d2                rtimer_init
 .text.rtimer_set
                0x000071d8       0x24 contiki-sky.a(rtimer.o)
                0x000071d8                rtimer_set
 .text.rtimer_run_next
                0x000071fc       0x26 contiki-sky.a(rtimer.o)
                0x000071fc                rtimer_run_next
 .text.timer_set
                0x00007222       0x1c contiki-sky.a(timer.o)
                0x00007222                timer_set
 .text.timer_reset
                0x0000723e        0xe contiki-sky.a(timer.o)
                0x0000723e                timer_reset
 .text.timer_expired
                0x0000724c       0x2a contiki-sky.a(timer.o)
                0x0000724c                timer_expired
 .text.list_init
                0x00007276        0x6 contiki-sky.a(list.o)
                0x00007276                list_init
 .text.list_head
                0x0000727c        0x4 contiki-sky.a(list.o)
                0x0000727c                list_head
 .text.list_tail
                0x00007280       0x12 contiki-sky.a(list.o)
                0x00007280                list_tail
 .text.list_remove
                0x00007292       0x34 contiki-sky.a(list.o)
                0x00007292                list_remove
 .text.list_push
                0x000072c6       0x1a contiki-sky.a(list.o)
                0x000072c6                list_push
 .text.list_add
                0x000072e0       0x2a contiki-sky.a(list.o)
                0x000072e0                list_add
 .text.list_length
                0x0000730a       0x10 contiki-sky.a(list.o)
                0x0000730a                list_length
 .text.list_item_next
                0x0000731a        0xc contiki-sky.a(list.o)
                0x0000731a                list_item_next
 .text.random_init
                0x00007326        0x6 contiki-sky.a(random.o)
                0x00007326                random_init
 .text.random_rand
                0x0000732c        0x6 contiki-sky.a(random.o)
                0x0000732c                random_rand
 .text.set_packet_attrs
                0x00007332       0x44 contiki-sky.a(sicslowpan.o)
 .text.addr_context_lookup_by_number
                0x00007376       0x36 contiki-sky.a(sicslowpan.o)
 .text.compress_addr_64
                0x000073ac       0xae contiki-sky.a(sicslowpan.o)
 .text.uncompress_addr
                0x0000745a       0xb4 contiki-sky.a(sicslowpan.o)
 .text.input    0x0000750e      0x65c contiki-sky.a(sicslowpan.o)
 .text.sicslowpan_init
                0x00007b6a       0x26 contiki-sky.a(sicslowpan.o)
                0x00007b6a                sicslowpan_init
 .text.addr_context_lookup_by_prefix
                0x00007b90       0x4c contiki-sky.a(sicslowpan.o)
 .text.send_packet
                0x00007bdc       0x1a contiki-sky.a(sicslowpan.o)
 .text.output   0x00007bf6      0x6da contiki-sky.a(sicslowpan.o)
 .text.packet_sent
                0x000082d0       0x22 contiki-sky.a(sicslowpan.o)
 .text.chksum   0x000082f2       0x32 contiki-sky.a(uip6.o)
 .text.upper_layer_chksum
                0x00008324       0x56 contiki-sky.a(uip6.o)
 .text.ext_hdr_options_process
                0x0000837a       0xda contiki-sky.a(uip6.o)
 .text.uip_icmp6chksum
                0x00008454        0xa contiki-sky.a(uip6.o)
                0x00008454                uip_icmp6chksum
 .text.uip_udpchksum
                0x0000845e        0xa contiki-sky.a(uip6.o)
                0x0000845e                uip_udpchksum
 .text.uip_init
                0x00008468       0x46 contiki-sky.a(uip6.o)
                0x00008468                uip_init
 .text.remove_ext_hdr
                0x000084ae       0x5a contiki-sky.a(uip6.o)
                0x000084ae                remove_ext_hdr
 .text.uip_udp_new
                0x00008508       0xf4 contiki-sky.a(uip6.o)
                0x00008508                uip_udp_new
 .text.uip_process
                0x000085fc      0x4c4 contiki-sky.a(uip6.o)
                0x000085fc                uip_process
 .text.uip_htons
                0x00008ac0        0xc contiki-sky.a(uip6.o)
                0x00008ac0                uip_htons
 .text.uip_htonl
                0x00008acc       0x2e contiki-sky.a(uip6.o)
                0x00008acc                uip_htonl
 .text.uip_ds6_list_loop
                0x00008afa       0x86 contiki-sky.a(uip-ds6.o)
                0x00008afa                uip_ds6_list_loop
 .text.uip_ds6_prefix_add
                0x00008b80       0x80 contiki-sky.a(uip-ds6.o)
                0x00008b80                uip_ds6_prefix_add
 .text.uip_ds6_is_addr_onlink
                0x00008c00       0x54 contiki-sky.a(uip-ds6.o)
                0x00008c00                uip_ds6_is_addr_onlink
 .text.uip_ds6_addr_lookup
                0x00008c54       0x2a contiki-sky.a(uip-ds6.o)
                0x00008c54                uip_ds6_addr_lookup
 .text.uip_ds6_get_link_local
                0x00008c7e       0x3e contiki-sky.a(uip-ds6.o)
                0x00008c7e                uip_ds6_get_link_local
 .text.uip_ds6_maddr_add
                0x00008cbc       0x4c contiki-sky.a(uip-ds6.o)
                0x00008cbc                uip_ds6_maddr_add
 .text.uip_ds6_addr_add
                0x00008d08       0xc4 contiki-sky.a(uip-ds6.o)
                0x00008d08                uip_ds6_addr_add
 .text.uip_ds6_maddr_lookup
                0x00008dcc       0x2a contiki-sky.a(uip-ds6.o)
                0x00008dcc                uip_ds6_maddr_lookup
 .text.uip_ds6_addr_rm
                0x00008df6       0x54 contiki-sky.a(uip-ds6.o)
                0x00008df6                uip_ds6_addr_rm
 .text.uip_ds6_periodic
                0x00008e4a       0x4a contiki-sky.a(uip-ds6.o)
                0x00008e4a                uip_ds6_periodic
 .text.uip_ds6_set_addr_iid
                0x00008e94       0x14 contiki-sky.a(uip-ds6.o)
                0x00008e94                uip_ds6_set_addr_iid
 .text.get_match_length
                0x00008ea8       0x3e contiki-sky.a(uip-ds6.o)
                0x00008ea8                get_match_length
 .text.uip_ds6_select_src
                0x00008ee6       0xaa contiki-sky.a(uip-ds6.o)
                0x00008ee6                uip_ds6_select_src
 .text.uip_ds6_compute_reachable_time
                0x00008f90       0x3e contiki-sky.a(uip-ds6.o)
                0x00008f90                uip_ds6_compute_reachable_time
 .text.uip_ds6_init
                0x00008fce      0x154 contiki-sky.a(uip-ds6.o)
                0x00008fce                uip_ds6_init
 .text.uip_ds6_nbr_rm
                0x00009122       0x1a contiki-sky.a(uip-ds6-nbr.o)
                0x00009122                uip_ds6_nbr_rm
 .text.uip_ds6_neighbors_init
                0x0000913c        0xe contiki-sky.a(uip-ds6-nbr.o)
                0x0000913c                uip_ds6_neighbors_init
 .text.uip_ds6_nbr_add
                0x0000914a       0x60 contiki-sky.a(uip-ds6-nbr.o)
                0x0000914a                uip_ds6_nbr_add
 .text.uip_ds6_nbr_get_ll
                0x000091aa        0xc contiki-sky.a(uip-ds6-nbr.o)
                0x000091aa                uip_ds6_nbr_get_ll
 .text.uip_ds6_nbr_lookup
                0x000091b6       0x42 contiki-sky.a(uip-ds6-nbr.o)
                0x000091b6                uip_ds6_nbr_lookup
 .text.uip_ds6_nbr_ll_lookup
                0x000091f8        0xc contiki-sky.a(uip-ds6-nbr.o)
                0x000091f8                uip_ds6_nbr_ll_lookup
 .text.uip_ds6_nbr_ipaddr_from_lladdr
                0x00009204        0x6 contiki-sky.a(uip-ds6-nbr.o)
                0x00009204                uip_ds6_nbr_ipaddr_from_lladdr
 .text.uip_ds6_nbr_lladdr_from_ipaddr
                0x0000920a       0x12 contiki-sky.a(uip-ds6-nbr.o)
                0x0000920a                uip_ds6_nbr_lladdr_from_ipaddr
 .text.uip_ds6_link_neighbor_callback
                0x0000921c       0x2a contiki-sky.a(uip-ds6-nbr.o)
                0x0000921c                uip_ds6_link_neighbor_callback
 .text.uip_ds6_neighbor_periodic
                0x00009246       0x60 contiki-sky.a(uip-ds6-nbr.o)
                0x00009246                uip_ds6_neighbor_periodic
 .text.call_route_callback
                0x000092a6       0x4c contiki-sky.a(uip-ds6-route.o)
 .text.uip_ds6_route_init
                0x000092f2       0x36 contiki-sky.a(uip-ds6-route.o)
                0x000092f2                uip_ds6_route_init
 .text.uip_ds6_route_nexthop
                0x00009328       0x1a contiki-sky.a(uip-ds6-route.o)
                0x00009328                uip_ds6_route_nexthop
 .text.uip_ds6_route_head
                0x00009342        0xa contiki-sky.a(uip-ds6-route.o)
                0x00009342                uip_ds6_route_head
 .text.uip_ds6_route_next
                0x0000934c        0xe contiki-sky.a(uip-ds6-route.o)
                0x0000934c                uip_ds6_route_next
 .text.uip_ds6_route_lookup
                0x0000935a       0x8c contiki-sky.a(uip-ds6-route.o)
                0x0000935a                uip_ds6_route_lookup
 .text.uip_ds6_route_rm
                0x000093e6       0xa4 contiki-sky.a(uip-ds6-route.o)
                0x000093e6                uip_ds6_route_rm
 .text.rm_routelist
                0x0000948a       0x34 contiki-sky.a(uip-ds6-route.o)
 .text.rm_routelist_callback
                0x000094be        0x6 contiki-sky.a(uip-ds6-route.o)
 .text.uip_ds6_route_add
                0x000094c4      0x10c contiki-sky.a(uip-ds6-route.o)
                0x000094c4                uip_ds6_route_add
 .text.uip_ds6_defrt_rm
                0x000095d0       0x48 contiki-sky.a(uip-ds6-route.o)
                0x000095d0                uip_ds6_defrt_rm
 .text.uip_ds6_defrt_lookup
                0x00009618       0x36 contiki-sky.a(uip-ds6-route.o)
                0x00009618                uip_ds6_defrt_lookup
 .text.uip_ds6_defrt_add
                0x0000964e       0x74 contiki-sky.a(uip-ds6-route.o)
                0x0000964e                uip_ds6_defrt_add
 .text.uip_ds6_defrt_choose
                0x000096c2       0x3a contiki-sky.a(uip-ds6-route.o)
                0x000096c2                uip_ds6_defrt_choose
 .text.uip_ds6_defrt_periodic
                0x000096fc       0x38 contiki-sky.a(uip-ds6-route.o)
                0x000096fc                uip_ds6_defrt_periodic
 .text.echo_reply_input
                0x00009734      0x112 contiki-sky.a(uip-icmp6.o)
 .text.echo_request_input
                0x00009846      0x12c contiki-sky.a(uip-icmp6.o)
 .text.uip_icmp6_input
                0x00009972       0x44 contiki-sky.a(uip-icmp6.o)
                0x00009972                uip_icmp6_input
 .text.uip_icmp6_register_input_handler
                0x000099b6        0xc contiki-sky.a(uip-icmp6.o)
                0x000099b6                uip_icmp6_register_input_handler
 .text.uip_icmp6_error_output
                0x000099c2      0x17a contiki-sky.a(uip-icmp6.o)
                0x000099c2                uip_icmp6_error_output
 .text.uip_icmp6_send
                0x00009b3c       0x96 contiki-sky.a(uip-icmp6.o)
                0x00009b3c                uip_icmp6_send
 .text.uip_icmp6_init
                0x00009bd2       0x12 contiki-sky.a(uip-icmp6.o)
                0x00009bd2                uip_icmp6_init
 .text.uip_nd6_init
                0x00009be4        0x2 contiki-sky.a(uip-nd6.o)
                0x00009be4                uip_nd6_init
 .text.tcpip_output
                0x00009be6       0x10 contiki-sky.a(tcpip.o)
                0x00009be6                tcpip_output
 .text.tcpip_set_outputfunc
                0x00009bf6        0x6 contiki-sky.a(tcpip.o)
                0x00009bf6                tcpip_set_outputfunc
 .text.udp_new  0x00009bfc       0x1a contiki-sky.a(tcpip.o)
                0x00009bfc                udp_new
 .text.tcpip_input
                0x00009c16       0x16 contiki-sky.a(tcpip.o)
                0x00009c16                tcpip_input
 .text.tcpip_ipv6_output
                0x00009c2c       0xce contiki-sky.a(tcpip.o)
                0x00009c2c                tcpip_ipv6_output
 .text.process_thread_tcpip_process
                0x00009cfa       0xd0 contiki-sky.a(tcpip.o)
 .text.tcpip_uipcall
                0x00009dca       0x2a contiki-sky.a(tcpip.o)
                0x00009dca                tcpip_uipcall
 .text.uip_debug_ipaddr_print
                0x00009df4       0x7c contiki-sky.a(uip-debug.o)
                0x00009df4                uip_debug_ipaddr_print
 .text.rpl_get_mode
                0x00009e70        0x6 contiki-sky.a(rpl.o)
                0x00009e70                rpl_get_mode
 .text.rpl_purge_routes
                0x00009e76       0x96 contiki-sky.a(rpl.o)
                0x00009e76                rpl_purge_routes
 .text.rpl_remove_routes
                0x00009f0c       0x22 contiki-sky.a(rpl.o)
                0x00009f0c                rpl_remove_routes
 .text.rpl_remove_routes_by_nexthop
                0x00009f2e       0x46 contiki-sky.a(rpl.o)
                0x00009f2e                rpl_remove_routes_by_nexthop
 .text.rpl_add_route
                0x00009f74       0x44 contiki-sky.a(rpl.o)
                0x00009f74                rpl_add_route
 .text.rpl_link_neighbor_callback
                0x00009fb8       0x7c contiki-sky.a(rpl.o)
                0x00009fb8                rpl_link_neighbor_callback
 .text.rpl_ipv6_neighbor_callback
                0x0000a034       0x1e contiki-sky.a(rpl.o)
                0x0000a034                rpl_ipv6_neighbor_callback
 .text.rpl_init
                0x0000a052       0x4a contiki-sky.a(rpl.o)
                0x0000a052                rpl_init
 .text.lollipop_greater_than
                0x0000a09c       0x44 contiki-sky.a(rpl-dag.o)
 .text.acceptable_rank
                0x0000a0e0       0x50 contiki-sky.a(rpl-dag.o)
 .text.find_parent_any_dag_any_instance
                0x0000a130       0x14 contiki-sky.a(rpl-dag.o)
 .text.rpl_set_preferred_parent
                0x0000a144       0x30 contiki-sky.a(rpl-dag.o)
 .text.set_ip_from_prefix
                0x0000a174       0x38 contiki-sky.a(rpl-dag.o)
 .text.check_prefix
                0x0000a1ac       0x80 contiki-sky.a(rpl-dag.o)
 .text.rpl_get_nbr
                0x0000a22c       0x1e contiki-sky.a(rpl-dag.o)
                0x0000a22c                rpl_get_nbr
 .text.rpl_dag_init
                0x0000a24a        0xe contiki-sky.a(rpl-dag.o)
                0x0000a24a                rpl_dag_init
 .text.rpl_get_parent
                0x0000a258        0xc contiki-sky.a(rpl-dag.o)
                0x0000a258                rpl_get_parent
 .text.rpl_get_parent_ipaddr
                0x0000a264       0x10 contiki-sky.a(rpl-dag.o)
                0x0000a264                rpl_get_parent_ipaddr
 .text.rpl_set_prefix
                0x0000a274       0x8e contiki-sky.a(rpl-dag.o)
                0x0000a274                rpl_set_prefix
 .text.rpl_set_default_route
                0x0000a302       0x5a contiki-sky.a(rpl-dag.o)
                0x0000a302                rpl_set_default_route
 .text.rpl_alloc_instance
                0x0000a35c       0x34 contiki-sky.a(rpl-dag.o)
                0x0000a35c                rpl_alloc_instance
 .text.rpl_add_parent
                0x0000a390       0x56 contiki-sky.a(rpl-dag.o)
                0x0000a390                rpl_add_parent
 .text.rpl_find_parent
                0x0000a3e6       0x1a contiki-sky.a(rpl-dag.o)
                0x0000a3e6                rpl_find_parent
 .text.rpl_find_parent_any_dag
                0x0000a400       0x22 contiki-sky.a(rpl-dag.o)
                0x0000a400                rpl_find_parent_any_dag
 .text.rpl_select_parent
                0x0000a422       0x7e contiki-sky.a(rpl-dag.o)
                0x0000a422                rpl_select_parent
 .text.rpl_select_dag
                0x0000a4a0      0x182 contiki-sky.a(rpl-dag.o)
                0x0000a4a0                rpl_select_dag
 .text.rpl_nullify_parent
                0x0000a622       0x54 contiki-sky.a(rpl-dag.o)
                0x0000a622                rpl_nullify_parent
 .text.rpl_remove_parent
                0x0000a676       0x16 contiki-sky.a(rpl-dag.o)
                0x0000a676                rpl_remove_parent
 .text.nbr_callback
                0x0000a68c        0x6 contiki-sky.a(rpl-dag.o)
 .text.remove_parents.constprop.2
                0x0000a692       0x32 contiki-sky.a(rpl-dag.o)
 .text.rpl_move_parent
                0x0000a6c4       0x5a contiki-sky.a(rpl-dag.o)
                0x0000a6c4                rpl_move_parent
 .text.rpl_get_any_dag
                0x0000a71e       0x18 contiki-sky.a(rpl-dag.o)
                0x0000a71e                rpl_get_any_dag
 .text.rpl_get_instance
                0x0000a736       0x1a contiki-sky.a(rpl-dag.o)
                0x0000a736                rpl_get_instance
 .text.rpl_alloc_dag
                0x0000a750       0x60 contiki-sky.a(rpl-dag.o)
                0x0000a750                rpl_alloc_dag
 .text.rpl_repair_root
                0x0000a7b0       0x50 contiki-sky.a(rpl-dag.o)
                0x0000a7b0                rpl_repair_root
 .text.rpl_find_of
                0x0000a800       0x10 contiki-sky.a(rpl-dag.o)
                0x0000a800                rpl_find_of
 .text.rpl_join_instance
                0x0000a810      0x13c contiki-sky.a(rpl-dag.o)
                0x0000a810                rpl_join_instance
 .text.rpl_local_repair
                0x0000a94c       0x7c contiki-sky.a(rpl-dag.o)
                0x0000a94c                rpl_local_repair
 .text.rpl_process_parent_event
                0x0000a9c8       0x4e contiki-sky.a(rpl-dag.o)
                0x0000a9c8                rpl_process_parent_event
 .text.rpl_recalculate_ranks
                0x0000aa16       0x48 contiki-sky.a(rpl-dag.o)
                0x0000aa16                rpl_recalculate_ranks
 .text.rpl_add_dag
                0x0000aa5e      0x112 contiki-sky.a(rpl-dag.o)
                0x0000aa5e                rpl_add_dag
 .text.rpl_process_dio
                0x0000ab70      0x2e2 contiki-sky.a(rpl-dag.o)
                0x0000ab70                rpl_process_dio
 .text.rpl_lock_parent
                0x0000ae52        0xc contiki-sky.a(rpl-dag.o)
                0x0000ae52                rpl_lock_parent
 .text.rpl_verify_header
                0x0000ae5e       0xba contiki-sky.a(rpl-ext-header.)
                0x0000ae5e                rpl_verify_header
 .text.rpl_update_header_empty
                0x0000af18      0x126 contiki-sky.a(rpl-ext-header.)
                0x0000af18                rpl_update_header_empty
 .text.rpl_update_header_final
                0x0000b03e       0x94 contiki-sky.a(rpl-ext-header.)
                0x0000b03e                rpl_update_header_final
 .text.rpl_invert_header
                0x0000b0d2       0x7a contiki-sky.a(rpl-ext-header.)
                0x0000b0d2                rpl_invert_header
 .text.rpl_insert_header
                0x0000b14c       0x12 contiki-sky.a(rpl-ext-header.)
                0x0000b14c                rpl_insert_header
 .text.get32    0x0000b15e       0x46 contiki-sky.a(rpl-icmp6.o)
 .text.set32    0x0000b1a4       0x2a contiki-sky.a(rpl-icmp6.o)
 .text.get16    0x0000b1ce        0xe contiki-sky.a(rpl-icmp6.o)
 .text.set16    0x0000b1dc       0x10 contiki-sky.a(rpl-icmp6.o)
 .text.dao_ack_input
                0x0000b1ec        0x6 contiki-sky.a(rpl-icmp6.o)
 .text.dio_input
                0x0000b1f2      0x2d2 contiki-sky.a(rpl-icmp6.o)
 .text.dis_output
                0x0000b4c4       0x50 contiki-sky.a(rpl-icmp6.o)
                0x0000b4c4                dis_output
 .text.dio_output
                0x0000b514      0x268 contiki-sky.a(rpl-icmp6.o)
                0x0000b514                dio_output
 .text.dis_input
                0x0000b77c       0x28 contiki-sky.a(rpl-icmp6.o)
 .text.dao_output_target
                0x0000b7a4       0xea contiki-sky.a(rpl-icmp6.o)
                0x0000b7a4                dao_output_target
 .text.dao_output
                0x0000b88e       0x80 contiki-sky.a(rpl-icmp6.o)
                0x0000b88e                dao_output
 .text.dao_ack_output
                0x0000b90e       0x32 contiki-sky.a(rpl-icmp6.o)
                0x0000b90e                dao_ack_output
 .text.dao_input
                0x0000b940      0x2a8 contiki-sky.a(rpl-icmp6.o)
 .text.rpl_icmp6_register_handlers
                0x0000bbe8       0x22 contiki-sky.a(rpl-icmp6.o)
                0x0000bbe8                rpl_icmp6_register_handlers
 .text.reset    0x0000bc0a        0x2 contiki-sky.a(rpl-mrhof.o)
 .text.update_metric_container
                0x0000bc0c        0x6 contiki-sky.a(rpl-mrhof.o)
 .text.calculate_rank
                0x0000bc12       0x3e contiki-sky.a(rpl-mrhof.o)
 .text.best_parent
                0x0000bc50       0x74 contiki-sky.a(rpl-mrhof.o)
 .text.neighbor_link_callback
                0x0000bcc4       0xa2 contiki-sky.a(rpl-mrhof.o)
 .text.best_dag
                0x0000bd66       0x34 contiki-sky.a(rpl-mrhof.o)
 .text.new_dio_interval
                0x0000bd9a       0x92 contiki-sky.a(rpl-timers.o)
 .text.handle_periodic_timer
                0x0000be2c       0x2e contiki-sky.a(rpl-timers.o)
 .text.set_dao_lifetime_timer
                0x0000be5a       0x52 contiki-sky.a(rpl-timers.o)
 .text.schedule_dao
                0x0000beac       0x82 contiki-sky.a(rpl-timers.o)
 .text.handle_dio_timer
                0x0000bf2e       0x88 contiki-sky.a(rpl-timers.o)
 .text.handle_dao_timer
                0x0000bfb6       0x64 contiki-sky.a(rpl-timers.o)
 .text.rpl_reset_periodic_timer
                0x0000c01a       0x60 contiki-sky.a(rpl-timers.o)
                0x0000c01a                rpl_reset_periodic_timer
 .text.rpl_reset_dio_timer
                0x0000c07a       0x18 contiki-sky.a(rpl-timers.o)
                0x0000c07a                rpl_reset_dio_timer
 .text.rpl_schedule_dao
                0x0000c092        0xc contiki-sky.a(rpl-timers.o)
                0x0000c092                rpl_schedule_dao
 .text.rpl_schedule_probing
                0x0000c09e       0x3c contiki-sky.a(rpl-timers.o)
                0x0000c09e                rpl_schedule_probing
 .text.handle_probing_timer
                0x0000c0da      0x124 contiki-sky.a(rpl-timers.o)
 .text.input_packet
                0x0000c1fe        0x6 contiki-sky.a(csma.o)
 .text.on       0x0000c204        0x6 contiki-sky.a(csma.o)
 .text.off      0x0000c20a        0x6 contiki-sky.a(csma.o)
 .text.channel_check_interval
                0x0000c210       0x10 contiki-sky.a(csma.o)
 .text.transmit_packet_list
                0x0000c220       0x24 contiki-sky.a(csma.o)
 .text.send_packet
                0x0000c244      0x17a contiki-sky.a(csma.o)
 .text.init     0x0000c3be       0x1a contiki-sky.a(csma.o)
 .text.free_packet
                0x0000c3d8       0x9c contiki-sky.a(csma.o)
 .text.packet_sent
                0x0000c474      0x130 contiki-sky.a(csma.o)
 .text.parse    0x0000c5a4       0xa0 contiki-sky.a(framer-802154.o)
 .text.create_frame.isra.0
                0x0000c644      0x108 contiki-sky.a(framer-802154.o)
 .text.create   0x0000c74c        0x8 contiki-sky.a(framer-802154.o)
 .text.hdr_length
                0x0000c754        0x8 contiki-sky.a(framer-802154.o)
 .text.framer_canonical_create_and_secure
                0x0000c75c       0x20 contiki-sky.a(framer.o)
                0x0000c75c                framer_canonical_create_and_secure
 .text.mac_call_sent_callback
                0x0000c77c       0x14 contiki-sky.a(mac.o)
                0x0000c77c                mac_call_sent_callback
 .text.linkaddr_copy
                0x0000c790        0x8 contiki-sky.a(linkaddr.o)
                0x0000c790                linkaddr_copy
 .text.linkaddr_cmp
                0x0000c798       0x12 contiki-sky.a(linkaddr.o)
                0x0000c798                linkaddr_cmp
 .text.linkaddr_set_node_addr
                0x0000c7aa        0xc contiki-sky.a(linkaddr.o)
                0x0000c7aa                linkaddr_set_node_addr
 .text.index_from_key
                0x0000c7b6       0x48 contiki-sky.a(nbr-table.o)
 .text.item_from_key
                0x0000c7fe       0x34 contiki-sky.a(nbr-table.o)
 .text.nbr_set_bit
                0x0000c832       0x8e contiki-sky.a(nbr-table.o)
 .text.index_from_lladdr
                0x0000c8c0       0x42 contiki-sky.a(nbr-table.o)
 .text.nbr_get_bit.constprop.0
                0x0000c902       0x62 contiki-sky.a(nbr-table.o)
 .text.nbr_table_register
                0x0000c964       0x28 contiki-sky.a(nbr-table.o)
                0x0000c964                nbr_table_register
 .text.nbr_table_next
                0x0000c98c       0x90 contiki-sky.a(nbr-table.o)
                0x0000c98c                nbr_table_next
 .text.nbr_table_head
                0x0000ca1c       0x36 contiki-sky.a(nbr-table.o)
                0x0000ca1c                nbr_table_head
 .text.nbr_table_add_lladdr
                0x0000ca52      0x144 contiki-sky.a(nbr-table.o)
                0x0000ca52                nbr_table_add_lladdr
 .text.nbr_table_get_from_lladdr
                0x0000cb96       0x48 contiki-sky.a(nbr-table.o)
                0x0000cb96                nbr_table_get_from_lladdr
 .text.nbr_table_remove
                0x0000cbde       0x32 contiki-sky.a(nbr-table.o)
                0x0000cbde                nbr_table_remove
 .text.nbr_table_lock
                0x0000cc10       0x10 contiki-sky.a(nbr-table.o)
                0x0000cc10                nbr_table_lock
 .text.nbr_table_unlock
                0x0000cc20       0x10 contiki-sky.a(nbr-table.o)
                0x0000cc20                nbr_table_unlock
 .text.nbr_table_get_lladdr
                0x0000cc30       0x5a contiki-sky.a(nbr-table.o)
                0x0000cc30                nbr_table_get_lladdr
 .text.packetbuf_compact
                0x0000cc8a       0x2e contiki-sky.a(packetbuf.o)
                0x0000cc8a                packetbuf_compact
 .text.packetbuf_copyto
                0x0000ccb8       0x52 contiki-sky.a(packetbuf.o)
                0x0000ccb8                packetbuf_copyto
 .text.packetbuf_hdrreduce
                0x0000cd0a       0x1a contiki-sky.a(packetbuf.o)
                0x0000cd0a                packetbuf_hdrreduce
 .text.packetbuf_set_datalen
                0x0000cd24        0x6 contiki-sky.a(packetbuf.o)
                0x0000cd24                packetbuf_set_datalen
 .text.packetbuf_dataptr
                0x0000cd2a        0xe contiki-sky.a(packetbuf.o)
                0x0000cd2a                packetbuf_dataptr
 .text.packetbuf_hdrptr
                0x0000cd38        0xa contiki-sky.a(packetbuf.o)
                0x0000cd38                packetbuf_hdrptr
 .text.packetbuf_datalen
                0x0000cd42        0x6 contiki-sky.a(packetbuf.o)
                0x0000cd42                packetbuf_datalen
 .text.packetbuf_hdrlen
                0x0000cd48       0x10 contiki-sky.a(packetbuf.o)
                0x0000cd48                packetbuf_hdrlen
 .text.packetbuf_totlen
                0x0000cd58        0xc contiki-sky.a(packetbuf.o)
                0x0000cd58                packetbuf_totlen
 .text.packetbuf_hdralloc
                0x0000cd64       0x2e contiki-sky.a(packetbuf.o)
                0x0000cd64                packetbuf_hdralloc
 .text.packetbuf_attr_clear
                0x0000cd92       0x28 contiki-sky.a(packetbuf.o)
                0x0000cd92                packetbuf_attr_clear
 .text.packetbuf_clear
                0x0000cdba       0x1a contiki-sky.a(packetbuf.o)
                0x0000cdba                packetbuf_clear
 .text.packetbuf_copyfrom
                0x0000cdd4       0x2e contiki-sky.a(packetbuf.o)
                0x0000cdd4                packetbuf_copyfrom
 .text.packetbuf_attr_copyto
                0x0000ce02       0x22 contiki-sky.a(packetbuf.o)
                0x0000ce02                packetbuf_attr_copyto
 .text.packetbuf_attr_copyfrom
                0x0000ce24       0x24 contiki-sky.a(packetbuf.o)
                0x0000ce24                packetbuf_attr_copyfrom
 .text.packetbuf_holds_broadcast
                0x0000ce48        0xe contiki-sky.a(packetbuf.o)
                0x0000ce48                packetbuf_holds_broadcast
 .text.queuebuf_init
                0x0000ce56       0x12 contiki-sky.a(queuebuf.o)
                0x0000ce56                queuebuf_init
 .text.queuebuf_numfree
                0x0000ce68        0xa contiki-sky.a(queuebuf.o)
                0x0000ce68                queuebuf_numfree
 .text.queuebuf_new_from_packetbuf
                0x0000ce72       0x52 contiki-sky.a(queuebuf.o)
                0x0000ce72                queuebuf_new_from_packetbuf
 .text.queuebuf_update_attr_from_packetbuf
                0x0000cec4       0x12 contiki-sky.a(queuebuf.o)
                0x0000cec4                queuebuf_update_attr_from_packetbuf
 .text.queuebuf_update_from_packetbuf
                0x0000ced6       0x22 contiki-sky.a(queuebuf.o)
                0x0000ced6                queuebuf_update_from_packetbuf
 .text.queuebuf_free
                0x0000cef8       0x2a contiki-sky.a(queuebuf.o)
                0x0000cef8                queuebuf_free
 .text.queuebuf_to_packetbuf
                0x0000cf22       0x32 contiki-sky.a(queuebuf.o)
                0x0000cf22                queuebuf_to_packetbuf
 .text.queuebuf_attr
                0x0000cf54        0xe contiki-sky.a(queuebuf.o)
                0x0000cf54                queuebuf_attr
 .text.duty_cycle
                0x0000cf62        0x6 contiki-sky.a(contikimac.o)
 .text.init     0x0000cf68       0x2a contiki-sky.a(contikimac.o)
 .text.on       0x0000cf92       0x1a contiki-sky.a(contikimac.o)
 .text.off      0x0000cfac       0x22 contiki-sky.a(contikimac.o)
 .text.recv_burst_off
                0x0000cfce        0xa contiki-sky.a(contikimac.o)
 .text.turn_off
                0x0000cfd8       0x20 contiki-sky.a(contikimac.o)
 .text.turn_on  0x0000cff8       0x30 contiki-sky.a(contikimac.o)
 .text.schedule_powercycle_fixed.part.4
                0x0000d028       0x36 contiki-sky.a(contikimac.o)
 .text.powercycle_turn_radio_off
                0x0000d05e       0x30 contiki-sky.a(contikimac.o)
 .text.powercycle
                0x0000d08e      0x1d2 contiki-sky.a(contikimac.o)
 .text.input_packet
                0x0000d260       0xb2 contiki-sky.a(contikimac.o)
 .text.send_packet.isra.7
                0x0000d312      0x1ec contiki-sky.a(contikimac.o)
 .text.qsend_list
                0x0000d4fe       0xc4 contiki-sky.a(contikimac.o)
 .text.qsend_packet
                0x0000d5c2       0x28 contiki-sky.a(contikimac.o)
 .text.bootstrap
                0x0000d5ea        0x4 contiki-sky.a(nullsec.o)
 .text.send     0x0000d5ee        0xa contiki-sky.a(nullsec.o)
 .text.on_frame_created
                0x0000d5f8        0x4 contiki-sky.a(nullsec.o)
 .text.input    0x0000d5fc        0x6 contiki-sky.a(nullsec.o)
 .text.get_overhead
                0x0000d602        0x4 contiki-sky.a(nullsec.o)
 .text.spi_init
                0x0000d606       0x32 contiki-sky.a(spi.o)
                0x0000d606                spi_init
 .text.compower_accumulate
                0x0000d638       0x72 contiki-sky.a(compower.o)
                0x0000d638                compower_accumulate
 .text.compower_clear
                0x0000d6aa       0x12 contiki-sky.a(compower.o)
                0x0000d6aa                compower_clear
 .text.compower_attrconv
                0x0000d6bc       0x10 contiki-sky.a(compower.o)
                0x0000d6bc                compower_attrconv
 .text.stimer_set
                0x0000d6cc       0x1c contiki-sky.a(stimer.o)
                0x0000d6cc                stimer_set
 .text.stimer_expired
                0x0000d6e8       0x30 contiki-sky.a(stimer.o)
                0x0000d6e8                stimer_expired
 .text.memb_init
                0x0000d718       0x36 contiki-sky.a(memb.o)
                0x0000d718                memb_init
 .text.memb_alloc
                0x0000d74e       0x3e contiki-sky.a(memb.o)
                0x0000d74e                memb_alloc
 .text.memb_free
                0x0000d78c       0x3a contiki-sky.a(memb.o)
                0x0000d78c                memb_free
 .text.memb_inmemb
                0x0000d7c6       0x2e contiki-sky.a(memb.o)
                0x0000d7c6                memb_inmemb
 .text.memb_numfree
                0x0000d7f4       0x26 contiki-sky.a(memb.o)
                0x0000d7f4                memb_numfree
 .text.field_len
                0x0000d81a       0x98 contiki-sky.a(frame802154.o)
 .text.frame802154_hdrlen
                0x0000d8b2       0x2e contiki-sky.a(frame802154.o)
                0x0000d8b2                frame802154_hdrlen
 .text.frame802154_create
                0x0000d8e0      0x146 contiki-sky.a(frame802154.o)
                0x0000d8e0                frame802154_create
 .text.frame802154_parse
                0x0000da26      0x1da contiki-sky.a(frame802154.o)
                0x0000da26                frame802154_parse
 .text.mac_sequence_is_duplicate
                0x0000dc00       0x44 contiki-sky.a(mac-sequence.o)
                0x0000dc00                mac_sequence_is_duplicate
 .text.mac_sequence_register_seqno
                0x0000dc44       0x76 contiki-sky.a(mac-sequence.o)
                0x0000dc44                mac_sequence_register_seqno
 .text.libgcc   0x0000dcba       0x2c /usr/lib/gcc/msp430/4.6.3/mmpy-16/libgcc.a(_mulsi3.o)
                0x0000dcba                __mulsi3
 .text.libgcc   0x0000dce6       0x22 /usr/lib/gcc/msp430/4.6.3/mmpy-16/libgcc.a(_udivmod16.o)
                0x0000dce6                __udivhi3
                0x0000dce6                __ext_udivmod16
                0x0000dd00                __umodhi3
 .text.libgcc   0x0000dd08       0x3a /usr/lib/gcc/msp430/4.6.3/mmpy-16/libgcc.a(_divmod16.o)
                0x0000dd08                __ext_divmod16
                0x0000dd08                __divhi3
                0x0000dd3a                __modhi3
 .text.libgcc   0x0000dd42       0x40 /usr/lib/gcc/msp430/4.6.3/mmpy-16/libgcc.a(_udivmod32.o)
                0x0000dd42                __udivsi3
                0x0000dd42                __ext_udivmod32
                0x0000dd78                __umodsi3
 .text          0x0000dd82       0x20 /usr/lib/gcc/msp430/4.6.3/../../../../msp430/lib/mmpy-16/libc.a(memcmp.o)
                0x0000dd82                memcmp
 .text          0x0000dda2       0xfa /usr/lib/gcc/msp430/4.6.3/../../../../msp430/lib/mmpy-16/libc.a(memcpy.o)
                0x0000dda2                memcpy
 .text          0x0000de9c       0xfa /usr/lib/gcc/msp430/4.6.3/../../../../msp430/lib/mmpy-16/libc.a(memmove.o)
                0x0000de9c                memmove
 .text          0x0000df96       0x6a /usr/lib/gcc/msp430/4.6.3/../../../../msp430/lib/mmpy-16/libc.a(memset.o)
                0x0000df96                memset
 .text          0x0000e000       0x1e /usr/lib/gcc/msp430/4.6.3/../../../../msp430/lib/mmpy-16/libc.a(printf.o)
                0x0000e000                printf
                0x0000e010                vprintf
 .text          0x0000e01e      0x836 /usr/lib/gcc/msp430/4.6.3/../../../../msp430/lib/mmpy-16/libc.a(vuprintf.o)
                0x0000e1b6                vuprintf
 .text          0x0000e854       0x2c /usr/lib/gcc/msp430/4.6.3/../../../../msp430/lib/mmpy-16/libc.a(puts.o)
                0x0000e854                puts
 .text          0x0000e880       0x54 /usr/lib/gcc/msp430/4.6.3/../../../../msp430/lib/mmpy-16/libc.a(rand.o)
                0x0000e880                rand_r
                0x0000e8a4                rand
                0x0000e8ca                srand
 .text.libgcc   0x0000e8d4       0xf0 /usr/lib/gcc/msp430/4.6.3/mmpy-16/libgcc.a(_udivmod64.o)
                0x0000e8d4                __xabi_udivmod64
                0x0000e932                __udivdi3
                0x0000e958                __umoddi3
                0x0000e986                __udivmoddi4
 .text.crt0     0x0000e9c4        0x2 /usr/lib/gcc/msp430/4.6.3/mmpy-16/libcrt0.a(_unexpected_.o)
                0x0000e9c4                _unexpected_
                0x0000e9c6                . = ALIGN (0x2)

.rodata         0x0000e9c6      0x3b8
                0x0000e9c6                . = ALIGN (0x2)
 *(.rodata .rodata.* .gnu.linkonce.r.*)
 .rodata        0x0000e9c6      0x134 sink.co
                0x0000eae6                autostart_processes
 .rodata        0x0000eafa      0x12e obj_sky/contiki-sky-main.o
 .rodata        0x0000ec28       0x10 contiki-sky.a(button-sensor.o)
                0x0000ec30                button_sensor
 .rodata        0x0000ec38        0x8 contiki-sky.a(sensors.o)
 .rodata        0x0000ec40       0x5a contiki-sky.a(cc2420.o)
                0x0000ec5c                cc2420_aes_128_driver
                0x0000ec60                cc2420_driver
 .rodata        0x0000ec9a       0x10 contiki-sky.a(roll-tm.o)
                0x0000eca2                roll_tm_driver
 .rodata        0x0000ecaa        0xf contiki-sky.a(ctimer.o)
 .rodata        0x0000ecb9        0xc contiki-sky.a(etimer.o)
 *fill*         0x0000ecc5        0x1 00
 .rodata        0x0000ecc6       0x24 contiki-sky.a(sicslowpan.o)
                0x0000ecd2                sicslowpan_driver
                0x0000ecd8                llprefix
                0x0000ecda                unc_mxconf
                0x0000ecde                unc_ctxconf
                0x0000ece2                unc_llconf
 .rodata        0x0000ecea        0xd contiki-sky.a(tcpip.o)
 .rodata        0x0000ecf7       0x29 contiki-sky.a(uip-debug.o)
 .rodata        0x0000ed20       0x14 contiki-sky.a(csma.o)
                0x0000ed26                csma_driver
 .rodata        0x0000ed34        0x8 contiki-sky.a(framer-802154.o)
                0x0000ed34                framer_802154
 .rodata        0x0000ed3c        0x8 contiki-sky.a(linkaddr.o)
                0x0000ed3c                linkaddr_null
 .rodata        0x0000ed44       0x1c contiki-sky.a(contikimac.o)
                0x0000ed50                contikimac_driver
 .rodata        0x0000ed60       0x14 contiki-sky.a(nullsec.o)
                0x0000ed68                nullsec_driver
 .rodata        0x0000ed74        0x2 contiki-sky.a(frame802154.o)
 .rodata        0x0000ed76        0x7 /usr/lib/gcc/msp430/4.6.3/../../../../msp430/lib/mmpy-16/libc.a(vuprintf.o)
                0x0000ed7e                . = ALIGN (0x2)
 *fill*         0x0000ed7d        0x1 00
                0x0000ed7e                _etext = .

.data           0x00001100       0xe4 load address 0x0000ed7e
                0x00001100                . = ALIGN (0x2)
                0x00001100                PROVIDE (__data_start, .)
 *(.data .data.* .gnu.linkonce.d.*)
 .data          0x00001100        0xa sink.co
                0x00001100                mcast_sink_process
 .data          0x0000110a        0x4 contiki-sky.a(contiki-sky-pla)
                0x0000110a                sensors
 .data          0x0000110e        0xa contiki-sky.a(sensors.o)
                0x0000110e                sensors_process
 .data          0x00001118        0xa contiki-sky.a(cc2420.o)
                0x00001118                cc2420_process
 .data          0x00001122        0x2 contiki-sky.a(msp430.o)
 .data          0x00001124        0x6 contiki-sky.a(roll-tm.o)
 .data          0x0000112a        0xa contiki-sky.a(ctimer.o)
                0x0000112a                ctimer_process
 .data          0x00001134        0xa contiki-sky.a(etimer.o)
                0x00001134                etimer_process
 .data          0x0000113e        0xa contiki-sky.a(uip-ds6-nbr.o)
                0x0000113e                ds6_neighbors
 .data          0x00001148       0x20 contiki-sky.a(uip-ds6-route.o)
 .data          0x00001168        0xc contiki-sky.a(uip-icmp6.o)
 .data          0x00001174        0xa contiki-sky.a(tcpip.o)
                0x00001174                tcpip_process
 .data          0x0000117e        0xa contiki-sky.a(rpl-dag.o)
                0x0000117e                rpl_parents
 .data          0x00001188       0x1a contiki-sky.a(rpl-icmp6.o)
 .data          0x000011a2        0xe contiki-sky.a(rpl-mrhof.o)
                0x000011a2                rpl_mrhof
 .data          0x000011b0       0x18 contiki-sky.a(csma.o)
 .data          0x000011c8        0x8 contiki-sky.a(nbr-table.o)
 .data          0x000011d0       0x10 contiki-sky.a(queuebuf.o)
 .data          0x000011e0        0x4 /usr/lib/gcc/msp430/4.6.3/../../../../msp430/lib/mmpy-16/libc.a(rand.o)
                0x000011e4                . = ALIGN (0x2)
                0x000011e4                _edata = .
                0x0000ed7e                PROVIDE (__data_load_start, LOADADDR (.data))
                0x000000e4                PROVIDE (__data_size, SIZEOF (.data))

.bss            0x000011e4     0x1f64 load address 0x0000ee62
                0x000011e4                PROVIDE (__bss_start, .)
 *(.bss .bss.*)
 .bss           0x000011e4       0x98 sink.co
 .bss           0x0000127c        0xc obj_sky/contiki-sky-main.o
 .bss           0x00001288        0x8 contiki-sky.a(button-sensor.o)
 .bss           0x00001290        0x2 contiki-sky.a(node-id.o)
                0x00001290                node_id
 .bss           0x00001292        0x6 contiki-sky.a(sensors.o)
 .bss           0x00001298        0x8 contiki-sky.a(cc2420.o)
 .bss           0x000012a0       0x9a contiki-sky.a(uart1.o)
 .bss           0x0000133a        0xa contiki-sky.a(clock.o)
 .bss           0x00001344        0x1 contiki-sky.a(leds.o)
 *fill*         0x00001345        0x1 00
 .bss           0x00001346        0x2 contiki-sky.a(watchdog.o)
 .bss           0x00001348      0x69e contiki-sky.a(roll-tm.o)
 .bss           0x000019e6        0x4 contiki-sky.a(ctimer.o)
 .bss           0x000019ea        0x6 contiki-sky.a(etimer.o)
 .bss           0x000019f0       0x42 contiki-sky.a(process.o)
                0x000019f0                process_current
                0x000019f2                process_list
 .bss           0x00001a32        0x2 contiki-sky.a(rtimer.o)
 .bss           0x00001a34      0x124 contiki-sky.a(sicslowpan.o)
 .bss           0x00001b58        0xa contiki-sky.a(uip6.o)
                0x00001b58                uip_ext_opt_offset
                0x00001b5a                uip_ext_len
                0x00001b5c                uip_ext_bitmap
 .bss           0x00001b62       0x18 contiki-sky.a(uip-ds6.o)
 .bss           0x00001b7a      0x2f8 contiki-sky.a(uip-ds6-nbr.o)
 .bss           0x00001e72      0x362 contiki-sky.a(uip-ds6-route.o)
 .bss           0x000021d4       0x14 contiki-sky.a(uip-icmp6.o)
 .bss           0x000021e8        0xe contiki-sky.a(tcpip.o)
 .bss           0x000021f6        0x2 contiki-sky.a(rpl.o)
 .bss           0x000021f8       0xf0 contiki-sky.a(rpl-dag.o)
 .bss           0x000022e8       0x18 contiki-sky.a(rpl-timers.o)
 .bss           0x00002300       0xc4 contiki-sky.a(csma.o)
 .bss           0x000023c4        0x2 contiki-sky.a(framer-802154.o)
 .bss           0x000023c6      0x118 contiki-sky.a(nbr-table.o)
 .bss           0x000024de       0xb8 contiki-sky.a(packetbuf.o)
 .bss           0x00002596      0x5a0 contiki-sky.a(queuebuf.o)
 .bss           0x00002b36       0x32 contiki-sky.a(contikimac.o)
 .bss           0x00002b68        0x8 contiki-sky.a(compower.o)
 .bss           0x00002b70       0xa0 contiki-sky.a(mac-sequence.o)
 *(COMMON)
 COMMON         0x00002c10        0x2 contiki-sky.a(contiki-sky-pla)
                0x00002c10                sensors_flags
 COMMON         0x00002c12        0x8 contiki-sky.a(ds2411.o)
                0x00002c12                ds2411_id
 COMMON         0x00002c1a        0x1 contiki-sky.a(sensors.o)
                0x00002c1a                sensors_event
 *fill*         0x00002c1b        0x1 00
 COMMON         0x00002c1c       0x10 contiki-sky.a(cc2420.o)
                0x00002c1c                cc2420_last_rssi
                0x00002c1e                cc2420_sfd_start_time
                0x00002c20                cc2420_time_of_departure
                0x00002c22                cc2420_time_of_arrival
                0x00002c24                cc2420_last_correlation
                0x00002c26                cc2420_authority_level_of_sender
                0x00002c28                cc2420_sfd_counter
                0x00002c2a                cc2420_sfd_end_time
 COMMON         0x00002c2c        0x2 contiki-sky.a(msp430.o)
                0x00002c2c                msp430_dco_required
 COMMON         0x00002c2e       0x56 contiki-sky.a(energest.o)
                0x00002c2e                energest_total_time
                0x00002c5e                energest_total_count
                0x00002c60                energest_current_mode
                0x00002c6c                energest_current_time
 COMMON         0x00002c84        0x1 contiki-sky.a(process.o)
                0x00002c84                process_maxevents
 *fill*         0x00002c85        0x1 00
 COMMON         0x00002c86        0x8 contiki-sky.a(sicslowpan.o)
                0x00002c86                frag_sender
 COMMON         0x00002c8e      0x240 contiki-sky.a(uip6.o)
                0x00002c8e                uip_len
                0x00002c90                uip_sappdata
                0x00002c92                uip_lladdr
                0x00002c9a                uip_aligned_buf
                0x00002d8a                uip_flags
                0x00002d8c                uip_next_hdr
                0x00002d8e                uip_udp_conn
                0x00002d90                uip_appdata
                0x00002d92                uip_conn
                0x00002d94                uip_slen
                0x00002d96                uip_udp_conns
 COMMON         0x00002ece      0x15c contiki-sky.a(uip-ds6.o)
                0x00002ece                uip_ds6_timer_ra
                0x00002ed6                uip_ds6_if
                0x00002fc2                uip_ds6_netif_addr_list_offset
                0x00002fc3                uip_ds6_addr_size
                0x00002fc4                uip_ds6_prefix_list
                0x0000301e                uip_ds6_timer_periodic
 COMMON         0x0000302a        0x1 contiki-sky.a(tcpip.o)
                0x0000302a                tcpip_event
 *fill*         0x0000302b        0x1 00
 COMMON         0x0000302c       0xde contiki-sky.a(rpl-dag.o)
                0x0000302c                default_instance
                0x0000302e                instance_table
 COMMON         0x0000310a        0x8 contiki-sky.a(linkaddr.o)
                0x0000310a                linkaddr_node_addr
 COMMON         0x00003112       0x2e contiki-sky.a(packetbuf.o)
                0x00003112                packetbuf_addrs
                0x00003122                packetbuf_attrs
 COMMON         0x00003140        0x8 contiki-sky.a(compower.o)
                0x00003140                compower_idle_activity
                0x00003148                . = ALIGN (0x2)
                0x00003148                PROVIDE (__bss_end, .)
                0x00001f64                PROVIDE (__bss_size, SIZEOF (.bss))

.noinit         0x00003148        0x2 load address 0x0000ee62
                0x00003148                PROVIDE (__noinit_start, .)
 *(.noinit .noinit.*)
 .noinit.crt0   0x00003148        0x2 /usr/lib/gcc/msp430/4.6.3/mmpy-16/libcrt0.a(__watchdog_support.o)
                0x00003148                __wdt_clear_value
                0x0000314a                . = ALIGN (0x2)
                0x0000314a                PROVIDE (__noinit_end, .)
                0x0000314a                . = ALIGN (0x2)
                0x0000314a                _end = .

.infomem        0x00001000        0x0
 *(.infomem)
                0x00001000                . = ALIGN (0x2)
 *(.infomem.*)

.infomemnobits  0x00001000        0x0
 *(.infomemnobits)
                0x00001000                . = ALIGN (0x2)
 *(.infomemnobits.*)

.infoa
 *(.infoa .infoa.*)

.infob
 *(.infob .infob.*)

.infoc
 *(.infoc .infoc.*)

.infod
 *(.infod .infod.*)

.vectors        0x0000ffe0       0x20
                0x0000ffe0                PROVIDE (__vectors_start, .)
 *(.vectors*)
 .vectors       0x0000ffe0       0x20 /usr/lib/gcc/msp430/4.6.3/mmpy-16/crt0ivtbl16.o
                0x0000ffe0                __ivtbl_16
                0x00010000                _vectors_end = .

.fartext        0x00000000        0x0
                0x00000000                . = ALIGN (0x2)
 *(.fartext)
                0x00000000                . = ALIGN (0x2)
 *(.fartext.*)
                0x00000000                _efartext = .

.profiler
 *(.profiler)

.stab           0x00000000    0x27a2c
 *(.stab)
 .stab          0x00000000     0x1a64 sink.co
 .stab          0x00001a64     0x12b4 obj_sky/contiki-sky-main.o
                               0x1b0c (size before relaxing)
 .stab          0x00002d18      0x264 contiki-sky.a(contiki-sky-pla)
                                0x5b8 (size before relaxing)
 .stab          0x00002f7c      0x468 contiki-sky.a(button-sensor.o)
                                0x7d4 (size before relaxing)
 .stab          0x000033e4      0x624 contiki-sky.a(ds2411.o)
                                0xb40 (size before relaxing)
 .stab          0x00003a08      0xbac contiki-sky.a(xmem.o)
                                0xf60 (size before relaxing)
 .stab          0x000045b4      0x2b8 contiki-sky.a(node-id.o)
                                0x4e0 (size before relaxing)
 .stab          0x0000486c      0x654 contiki-sky.a(sensors.o)
                                0xb70 (size before relaxing)
 .stab          0x00004ec0     0x25e0 contiki-sky.a(cc2420.o)
                               0x2cac (size before relaxing)
 .stab          0x000074a0      0x63c contiki-sky.a(cc2420-arch.o)
                               0x1728 (size before relaxing)
 .stab          0x00007adc      0x60c contiki-sky.a(uart1.o)
                                0x960 (size before relaxing)
 .stab          0x000080e8      0x27c contiki-sky.a(uart1-putchar.o)
                                0x7bc (size before relaxing)
 .stab          0x00008364      0x744 contiki-sky.a(msp430.o)
                                0xa98 (size before relaxing)
 .stab          0x00008aa8      0x948 contiki-sky.a(clock.o)
                                0xc9c (size before relaxing)
 .stab          0x000093f0      0x5dc contiki-sky.a(leds.o)
                                0x828 (size before relaxing)
 .stab          0x000099cc      0x3a8 contiki-sky.a(leds-arch.o)
                                0x6fc (size before relaxing)
 .stab          0x00009d74      0x3fc contiki-sky.a(watchdog.o)
                                0x750 (size before relaxing)
 .stab          0x0000a170      0x3cc contiki-sky.a(rtimer-arch.o)
                                0x720 (size before relaxing)
 .stab          0x0000a53c     0x1af4 contiki-sky.a(roll-tm.o)
                               0x2cc4 (size before relaxing)
 .stab          0x0000c030      0x294 contiki-sky.a(autostart.o)
                                0x534 (size before relaxing)
 .stab          0x0000c2c4      0x7a4 contiki-sky.a(ctimer.o)
                                0xb10 (size before relaxing)
 .stab          0x0000ca68      0x474 contiki-sky.a(energest.o)
                                0x6fc (size before relaxing)
 .stab          0x0000cedc      0xa38 contiki-sky.a(etimer.o)
                                0xd08 (size before relaxing)
 .stab          0x0000d914      0xb7c contiki-sky.a(process.o)
                               0x1014 (size before relaxing)
 .stab          0x0000e490      0x3d8 contiki-sky.a(rtimer.o)
                                0x6c0 (size before relaxing)
 .stab          0x0000e868      0x354 contiki-sky.a(timer.o)
                                0x594 (size before relaxing)
 .stab          0x0000ebbc      0x7f8 contiki-sky.a(list.o)
                                0x804 (size before relaxing)
 .stab          0x0000f3b4      0x24c contiki-sky.a(random.o)
                                0x624 (size before relaxing)
 .stab          0x0000f600     0x1f98 contiki-sky.a(sicslowpan.o)
                               0x2ee0 (size before relaxing)
 .stab          0x00011598     0x14d0 contiki-sky.a(uip6.o)
                               0x210c (size before relaxing)
 .stab          0x00012a68     0x13d4 contiki-sky.a(uip-ds6.o)
                               0x1f74 (size before relaxing)
 .stab          0x00013e3c      0xcd8 contiki-sky.a(uip-ds6-nbr.o)
                               0x1710 (size before relaxing)
 .stab          0x00014b14     0x1260 contiki-sky.a(uip-ds6-route.o)
                               0x1de8 (size before relaxing)
 .stab          0x00015d74      0xcf0 contiki-sky.a(uip-icmp6.o)
                               0x1968 (size before relaxing)
 .stab          0x00016a64      0x57c contiki-sky.a(uip-nd6.o)
                               0x1158 (size before relaxing)
 .stab          0x00016fe0      0xd14 contiki-sky.a(tcpip.o)
                               0x1f5c (size before relaxing)
 .stab          0x00017cf4      0x444 contiki-sky.a(uip-debug.o)
                                0xbd0 (size before relaxing)
 .stab          0x00018138      0xb64 contiki-sky.a(rpl.o)
                               0x17b8 (size before relaxing)
 .stab          0x00018c9c     0x2f10 contiki-sky.a(rpl-dag.o)
                               0x3c18 (size before relaxing)
 .stab          0x0001bbac      0xa50 contiki-sky.a(rpl-ext-header.)
                               0x180c (size before relaxing)
 .stab          0x0001c5fc     0x17ac contiki-sky.a(rpl-icmp6.o)
                               0x25b0 (size before relaxing)
 .stab          0x0001dda8      0x8ac contiki-sky.a(rpl-mrhof.o)
                               0x159c (size before relaxing)
 .stab          0x0001e654      0xbdc contiki-sky.a(rpl-timers.o)
                               0x18cc (size before relaxing)
 .stab          0x0001f230     0x1050 contiki-sky.a(csma.o)
                               0x1590 (size before relaxing)
 .stab          0x00020280      0x930 contiki-sky.a(framer-802154.o)
                                0xf54 (size before relaxing)
 .stab          0x00020bb0      0x3fc contiki-sky.a(framer.o)
                                0xc54 (size before relaxing)
 .stab          0x00020fac      0x1f8 contiki-sky.a(mac.o)
                                0x4ec (size before relaxing)
 .stab          0x000211a4      0x2c4 contiki-sky.a(linkaddr.o)
                                0x6c0 (size before relaxing)
 .stab          0x00021468      0xd80 contiki-sky.a(nbr-table.o)
                               0x1428 (size before relaxing)
 .stab          0x000221e8      0xdb0 contiki-sky.a(packetbuf.o)
                               0x1ed8 (size before relaxing)
 .stab          0x00022f98      0xaa4 contiki-sky.a(queuebuf.o)
                               0x1bb4 (size before relaxing)
 .stab          0x00023a3c     0x1884 contiki-sky.a(contikimac.o)
                               0x22f8 (size before relaxing)
 .stab          0x000252c0      0x75c contiki-sky.a(nullsec.o)
                                0xda4 (size before relaxing)
 .stab          0x00025a1c      0x204 contiki-sky.a(spi.o)
                                0x42c (size before relaxing)
 .stab          0x00025c20      0x51c contiki-sky.a(compower.o)
                                0xd20 (size before relaxing)
 .stab          0x0002613c      0x3c0 contiki-sky.a(stimer.o)
                                0x600 (size before relaxing)
 .stab          0x000264fc      0x5c4 contiki-sky.a(memb.o)
                                0xaf8 (size before relaxing)
 .stab          0x00026ac0      0x924 contiki-sky.a(frame802154.o)
                               0x10f8 (size before relaxing)
 .stab          0x000273e4      0x648 contiki-sky.a(mac-sequence.o)
                               0x1770 (size before relaxing)

.stabstr        0x00000000    0x1bd0c
 *(.stabstr)
 .stabstr       0x00000000    0x1bd0c sink.co

.stab.excl
 *(.stab.excl)

.stab.exclstr
 *(.stab.exclstr)

.stab.index
 *(.stab.index)

.stab.indexstr
 *(.stab.indexstr)

.comment
 *(.comment)

.debug
 *(.debug)

.line
 *(.line)

.debug_srcinfo
 *(.debug_srcinfo)

.debug_sfnames
 *(.debug_sfnames)

.debug_aranges  0x00000000      0x190
 *(.debug_aranges)
 .debug_aranges
                0x00000000       0x14 /usr/lib/gcc/msp430/4.6.3/mmpy-16/libgcc.a(_mulsi3.o)
 .debug_aranges
                0x00000014       0x14 /usr/lib/gcc/msp430/4.6.3/mmpy-16/libgcc.a(_udivmod16.o)
 .debug_aranges
                0x00000028       0x14 /usr/lib/gcc/msp430/4.6.3/mmpy-16/libgcc.a(_divmod16.o)
 .debug_aranges
                0x0000003c       0x14 /usr/lib/gcc/msp430/4.6.3/mmpy-16/libgcc.a(_udivmod32.o)
 .debug_aranges
                0x00000050       0x14 /usr/lib/gcc/msp430/4.6.3/../../../../msp430/lib/mmpy-16/libc.a(strncmp.o)
 .debug_aranges
                0x00000064       0x14 /usr/lib/gcc/msp430/4.6.3/../../../../msp430/lib/mmpy-16/libc.a(memcmp.o)
 .debug_aranges
                0x00000078       0x14 /usr/lib/gcc/msp430/4.6.3/../../../../msp430/lib/mmpy-16/libc.a(memcpy.o)
 .debug_aranges
                0x0000008c       0x14 /usr/lib/gcc/msp430/4.6.3/../../../../msp430/lib/mmpy-16/libc.a(memmove.o)
 .debug_aranges
                0x000000a0       0x14 /usr/lib/gcc/msp430/4.6.3/../../../../msp430/lib/mmpy-16/libc.a(memset.o)
 .debug_aranges
                0x000000b4       0x14 /usr/lib/gcc/msp430/4.6.3/../../../../msp430/lib/mmpy-16/libc.a(printf.o)
 .debug_aranges
                0x000000c8       0x14 /usr/lib/gcc/msp430/4.6.3/../../../../msp430/lib/mmpy-16/libc.a(vuprintf.o)
 .debug_aranges
                0x000000dc       0x14 /usr/lib/gcc/msp430/4.6.3/../../../../msp430/lib/mmpy-16/libc.a(puts.o)
 .debug_aranges
                0x000000f0       0x14 /usr/lib/gcc/msp430/4.6.3/../../../../msp430/lib/mmpy-16/libc.a(rand.o)
 .debug_aranges
                0x00000104       0x14 /usr/lib/gcc/msp430/4.6.3/mmpy-16/libgcc.a(_udivmod64.o)
 .debug_aranges
                0x00000118       0x14 /usr/lib/gcc/msp430/4.6.3/mmpy-16/libcrt0.a(__watchdog_support.o)
 .debug_aranges
                0x0000012c       0x14 /usr/lib/gcc/msp430/4.6.3/mmpy-16/libcrt0.a(__init_stack.o)
 .debug_aranges
                0x00000140       0x14 /usr/lib/gcc/msp430/4.6.3/mmpy-16/libcrt0.a(_copy_data.o)
 .debug_aranges
                0x00000154       0x14 /usr/lib/gcc/msp430/4.6.3/mmpy-16/libcrt0.a(_clear_bss.o)
 .debug_aranges
                0x00000168       0x14 /usr/lib/gcc/msp430/4.6.3/mmpy-16/libcrt0.a(_endless_loop__.o)
 .debug_aranges
                0x0000017c       0x14 /usr/lib/gcc/msp430/4.6.3/mmpy-16/libcrt0.a(_unexpected_.o)

.debug_pubnames
 *(.debug_pubnames)

.debug_info     0x00000000     0x1584
 *(.debug_info)
 .debug_info    0x00000000       0xd6 /usr/lib/gcc/msp430/4.6.3/mmpy-16/libgcc.a(_mulsi3.o)
 .debug_info    0x000000d6       0xd6 /usr/lib/gcc/msp430/4.6.3/mmpy-16/libgcc.a(_udivmod16.o)
 .debug_info    0x000001ac       0xd6 /usr/lib/gcc/msp430/4.6.3/mmpy-16/libgcc.a(_divmod16.o)
 .debug_info    0x00000282       0xd6 /usr/lib/gcc/msp430/4.6.3/mmpy-16/libgcc.a(_udivmod32.o)
 .debug_info    0x00000358       0xbb /usr/lib/gcc/msp430/4.6.3/../../../../msp430/lib/mmpy-16/libc.a(strncmp.o)
 .debug_info    0x00000413       0xe8 /usr/lib/gcc/msp430/4.6.3/../../../../msp430/lib/mmpy-16/libc.a(memcmp.o)
 .debug_info    0x000004fb      0x113 /usr/lib/gcc/msp430/4.6.3/../../../../msp430/lib/mmpy-16/libc.a(memcpy.o)
 .debug_info    0x0000060e      0x113 /usr/lib/gcc/msp430/4.6.3/../../../../msp430/lib/mmpy-16/libc.a(memmove.o)
 .debug_info    0x00000721       0xfe /usr/lib/gcc/msp430/4.6.3/../../../../msp430/lib/mmpy-16/libc.a(memset.o)
 .debug_info    0x0000081f      0x105 /usr/lib/gcc/msp430/4.6.3/../../../../msp430/lib/mmpy-16/libc.a(printf.o)
 .debug_info    0x00000924      0x565 /usr/lib/gcc/msp430/4.6.3/../../../../msp430/lib/mmpy-16/libc.a(vuprintf.o)
 .debug_info    0x00000e89       0x96 /usr/lib/gcc/msp430/4.6.3/../../../../msp430/lib/mmpy-16/libc.a(puts.o)
 .debug_info    0x00000f1f      0x13f /usr/lib/gcc/msp430/4.6.3/../../../../msp430/lib/mmpy-16/libc.a(rand.o)
 .debug_info    0x0000105e       0xd6 /usr/lib/gcc/msp430/4.6.3/mmpy-16/libgcc.a(_udivmod64.o)
 .debug_info    0x00001134       0xb8 /usr/lib/gcc/msp430/4.6.3/mmpy-16/libcrt0.a(__watchdog_support.o)
 .debug_info    0x000011ec       0xb8 /usr/lib/gcc/msp430/4.6.3/mmpy-16/libcrt0.a(__init_stack.o)
 .debug_info    0x000012a4       0xb8 /usr/lib/gcc/msp430/4.6.3/mmpy-16/libcrt0.a(_copy_data.o)
 .debug_info    0x0000135c       0xb8 /usr/lib/gcc/msp430/4.6.3/mmpy-16/libcrt0.a(_clear_bss.o)
 .debug_info    0x00001414       0xb8 /usr/lib/gcc/msp430/4.6.3/mmpy-16/libcrt0.a(_endless_loop__.o)
 .debug_info    0x000014cc       0xb8 /usr/lib/gcc/msp430/4.6.3/mmpy-16/libcrt0.a(_unexpected_.o)
 *(.gnu.linkonce.wi.*)

.debug_abbrev   0x00000000      0x7cc
 *(.debug_abbrev)
 .debug_abbrev  0x00000000       0x14 /usr/lib/gcc/msp430/4.6.3/mmpy-16/libgcc.a(_mulsi3.o)
 .debug_abbrev  0x00000014       0x14 /usr/lib/gcc/msp430/4.6.3/mmpy-16/libgcc.a(_udivmod16.o)
 .debug_abbrev  0x00000028       0x14 /usr/lib/gcc/msp430/4.6.3/mmpy-16/libgcc.a(_divmod16.o)
 .debug_abbrev  0x0000003c       0x14 /usr/lib/gcc/msp430/4.6.3/mmpy-16/libgcc.a(_udivmod32.o)
 .debug_abbrev  0x00000050       0x7c /usr/lib/gcc/msp430/4.6.3/../../../../msp430/lib/mmpy-16/libc.a(strncmp.o)
 .debug_abbrev  0x000000cc       0x9b /usr/lib/gcc/msp430/4.6.3/../../../../msp430/lib/mmpy-16/libc.a(memcmp.o)
 .debug_abbrev  0x00000167       0x97 /usr/lib/gcc/msp430/4.6.3/../../../../msp430/lib/mmpy-16/libc.a(memcpy.o)
 .debug_abbrev  0x000001fe       0x97 /usr/lib/gcc/msp430/4.6.3/../../../../msp430/lib/mmpy-16/libc.a(memmove.o)
 .debug_abbrev  0x00000295       0x9c /usr/lib/gcc/msp430/4.6.3/../../../../msp430/lib/mmpy-16/libc.a(memset.o)
 .debug_abbrev  0x00000331       0xd0 /usr/lib/gcc/msp430/4.6.3/../../../../msp430/lib/mmpy-16/libc.a(printf.o)
 .debug_abbrev  0x00000401      0x1ef /usr/lib/gcc/msp430/4.6.3/../../../../msp430/lib/mmpy-16/libc.a(vuprintf.o)
 .debug_abbrev  0x000005f0       0x60 /usr/lib/gcc/msp430/4.6.3/../../../../msp430/lib/mmpy-16/libc.a(puts.o)
 .debug_abbrev  0x00000650       0xf0 /usr/lib/gcc/msp430/4.6.3/../../../../msp430/lib/mmpy-16/libc.a(rand.o)
 .debug_abbrev  0x00000740       0x14 /usr/lib/gcc/msp430/4.6.3/mmpy-16/libgcc.a(_udivmod64.o)
 .debug_abbrev  0x00000754       0x14 /usr/lib/gcc/msp430/4.6.3/mmpy-16/libcrt0.a(__watchdog_support.o)
 .debug_abbrev  0x00000768       0x14 /usr/lib/gcc/msp430/4.6.3/mmpy-16/libcrt0.a(__init_stack.o)
 .debug_abbrev  0x0000077c       0x14 /usr/lib/gcc/msp430/4.6.3/mmpy-16/libcrt0.a(_copy_data.o)
 .debug_abbrev  0x00000790       0x14 /usr/lib/gcc/msp430/4.6.3/mmpy-16/libcrt0.a(_clear_bss.o)
 .debug_abbrev  0x000007a4       0x14 /usr/lib/gcc/msp430/4.6.3/mmpy-16/libcrt0.a(_endless_loop__.o)
 .debug_abbrev  0x000007b8       0x14 /usr/lib/gcc/msp430/4.6.3/mmpy-16/libcrt0.a(_unexpected_.o)

.debug_line     0x00000000      0xdff
 *(.debug_line)
 .debug_line    0x00000000       0xa3 /usr/lib/gcc/msp430/4.6.3/mmpy-16/libgcc.a(_mulsi3.o)
 .debug_line    0x000000a3       0x9c /usr/lib/gcc/msp430/4.6.3/mmpy-16/libgcc.a(_udivmod16.o)
 .debug_line    0x0000013f       0xa7 /usr/lib/gcc/msp430/4.6.3/mmpy-16/libgcc.a(_divmod16.o)
 .debug_line    0x000001e6       0xab /usr/lib/gcc/msp430/4.6.3/mmpy-16/libgcc.a(_udivmod32.o)
 .debug_line    0x00000291       0x75 /usr/lib/gcc/msp430/4.6.3/../../../../msp430/lib/mmpy-16/libc.a(strncmp.o)
 .debug_line    0x00000306       0x73 /usr/lib/gcc/msp430/4.6.3/../../../../msp430/lib/mmpy-16/libc.a(memcmp.o)
 .debug_line    0x00000379       0xe9 /usr/lib/gcc/msp430/4.6.3/../../../../msp430/lib/mmpy-16/libc.a(memcpy.o)
 .debug_line    0x00000462       0xe9 /usr/lib/gcc/msp430/4.6.3/../../../../msp430/lib/mmpy-16/libc.a(memmove.o)
 .debug_line    0x0000054b       0xc8 /usr/lib/gcc/msp430/4.6.3/../../../../msp430/lib/mmpy-16/libc.a(memset.o)
 .debug_line    0x00000613       0x72 /usr/lib/gcc/msp430/4.6.3/../../../../msp430/lib/mmpy-16/libc.a(printf.o)
 .debug_line    0x00000685      0x2d2 /usr/lib/gcc/msp430/4.6.3/../../../../msp430/lib/mmpy-16/libc.a(vuprintf.o)
 .debug_line    0x00000957       0x4d /usr/lib/gcc/msp430/4.6.3/../../../../msp430/lib/mmpy-16/libc.a(puts.o)
 .debug_line    0x000009a4       0x4f /usr/lib/gcc/msp430/4.6.3/../../../../msp430/lib/mmpy-16/libc.a(rand.o)
 .debug_line    0x000009f3       0xf1 /usr/lib/gcc/msp430/4.6.3/mmpy-16/libgcc.a(_udivmod64.o)
 .debug_line    0x00000ae4       0x84 /usr/lib/gcc/msp430/4.6.3/mmpy-16/libcrt0.a(__watchdog_support.o)
 .debug_line    0x00000b68       0x82 /usr/lib/gcc/msp430/4.6.3/mmpy-16/libcrt0.a(__init_stack.o)